EDA Netlist Writer report for hw_accelerator_v1
Sun Nov 16 14:06:02 2025
Quartus Prime Version 19.1.0 Build 670 09/22/2019 SJ Lite Edition


---------------------
; Table of Contents ;
---------------------
  1. Legal Notice
  2. EDA Netlist Writer Summary
  3. Simulation Settings
  4. Simulation Generated Files
  5. Board-Level Settings
  6. Board-Level Generated Files
  7. EDA Netlist Writer Messages



----------------
; Legal Notice ;
----------------
Copyright (C) 2019  Intel Corporation. All rights reserved.
Your use of Intel Corporation's design tools, logic functions 
and other software and tools, and any partner logic 
functions, and any output files from any of the foregoing 
(including device programming or simulation files), and any 
associated documentation or information are expressly subject 
to the terms and conditions of the Intel Program License 
Subscription Agreement, the Intel Quartus Prime License Agreement,
the Intel FPGA IP License Agreement, or other applicable license
agreement, including, without limitation, that your use is for
the sole purpose of programming logic devices manufactured by
Intel and sold by Intel or its authorized distributors.  Please
refer to the applicable agreement for further details, at
https://fpgasoftware.intel.com/eula.



+-------------------------------------------------------------------------------+
; EDA Netlist Writer Summary                                                    ;
+---------------------------------------+---------------------------------------+
; EDA Netlist Writer Status             ; Successful - Sun Nov 16 14:06:02 2025 ;
; Revision Name                         ; hw_accelerator_v1                     ;
; Top-level Entity Name                 ; hw_accelerator_v1                     ;
; Family                                ; Cyclone IV E                          ;
; Simulation Files Creation             ; Successful                            ;
; Board Signal Integrity Files Creation ; Successful                            ;
+---------------------------------------+---------------------------------------+


+-------------------------------------------------------------------------------------------------------------------------------+
; Simulation Settings                                                                                                           ;
+---------------------------------------------------------------------------------------------------+---------------------------+
; Option                                                                                            ; Setting                   ;
+---------------------------------------------------------------------------------------------------+---------------------------+
; Tool Name                                                                                         ; ModelSim-Altera (Verilog) ;
; Generate functional simulation netlist                                                            ; On                        ;
; Truncate long hierarchy paths                                                                     ; Off                       ;
; Map illegal HDL characters                                                                        ; Off                       ;
; Flatten buses into individual nodes                                                               ; Off                       ;
; Maintain hierarchy                                                                                ; Off                       ;
; Bring out device-wide set/reset signals as ports                                                  ; Off                       ;
; Enable glitch filtering                                                                           ; Off                       ;
; Do not write top level VHDL entity                                                                ; Off                       ;
; Disable detection of setup and hold time violations in the input registers of bi-directional pins ; Off                       ;
; Architecture name in VHDL output netlist                                                          ; structure                 ;
; Generate third-party EDA tool command script for RTL functional simulation                        ; Off                       ;
; Generate third-party EDA tool command script for gate-level simulation                            ; Off                       ;
+---------------------------------------------------------------------------------------------------+---------------------------+


+--------------------------------------------------------------------------------------------------------+
; Simulation Generated Files                                                                             ;
+--------------------------------------------------------------------------------------------------------+
; Generated Files                                                                                        ;
+--------------------------------------------------------------------------------------------------------+
; C:/Users/Public/Documents/Altium/fpga_board/hw_accelerator_v1/simulation/modelsim/hw_accelerator_v1.vo ;
+--------------------------------------------------------------------------------------------------------+


+-----------------------------------------+
; Board-Level Settings                    ;
+-------------------------------+---------+
; Option                        ; Setting ;
+-------------------------------+---------+
; Board Signal Integrity Format ; HSPICE  ;
+-------------------------------+---------+


+-----------------------------------------------------------------------------------------------------------------------+
; Board-Level Generated Files                                                                                           ;
+-----------------------------------------------------------------------------------------------------------------------+
; Generated Files                                                                                                       ;
+-----------------------------------------------------------------------------------------------------------------------+
; Board Signal Integrity                                                                                                ;
;     C:/Users/Public/Documents/Altium/fpga_board/hw_accelerator_v1/board/hspice/ep4ce6_143_leds_0__out.sp              ;
;     C:/Users/Public/Documents/Altium/fpga_board/hw_accelerator_v1/board/hspice/ep4ce6_7_leds_1__out.sp                ;
;     C:/Users/Public/Documents/Altium/fpga_board/hw_accelerator_v1/board/hspice/ep4ce6_3_leds_2__out.sp                ;
;     C:/Users/Public/Documents/Altium/fpga_board/hw_accelerator_v1/board/hspice/ep4ce6_142_leds_3__out.sp              ;
;     C:/Users/Public/Documents/Altium/fpga_board/hw_accelerator_v1/board/hspice/ep4ce6_141_leds_4__out.sp              ;
;     C:/Users/Public/Documents/Altium/fpga_board/hw_accelerator_v1/board/hspice/ep4ce6_1_leds_5__out.sp                ;
;     C:/Users/Public/Documents/Altium/fpga_board/hw_accelerator_v1/board/hspice/ep4ce6_144_leds_6__out.sp              ;
;     C:/Users/Public/Documents/Altium/fpga_board/hw_accelerator_v1/board/hspice/ep4ce6_11_leds_7__out.sp               ;
;     C:/Users/Public/Documents/Altium/fpga_board/hw_accelerator_v1/board/hspice/ep4ce6_2_leds_8__out.sp                ;
;     C:/Users/Public/Documents/Altium/fpga_board/hw_accelerator_v1/board/hspice/ep4ce6_67_switches_0__in.sp            ;
;     C:/Users/Public/Documents/Altium/fpga_board/hw_accelerator_v1/board/hspice/ep4ce6_43_switches_1__in.sp            ;
;     C:/Users/Public/Documents/Altium/fpga_board/hw_accelerator_v1/board/hspice/ep4ce6_135_switches_2__in.sp           ;
;     C:/Users/Public/Documents/Altium/fpga_board/hw_accelerator_v1/board/hspice/ep4ce6_65_switches_3__in.sp            ;
;     C:/Users/Public/Documents/Altium/fpga_board/hw_accelerator_v1/board/hspice/ep4ce6_23_clk_250_in.sp                ;
;     C:/Users/Public/Documents/Altium/fpga_board/hw_accelerator_v1/board/hspice/ep4ce6_24_reset_in.sp                  ;
;     C:/Users/Public/Documents/Altium/fpga_board/hw_accelerator_v1/board/hspice/ep4ce6_6__altera_asdo_data1__in.sp     ;
;     C:/Users/Public/Documents/Altium/fpga_board/hw_accelerator_v1/board/hspice/ep4ce6_8__altera_flash_nce_ncso__in.sp ;
;     C:/Users/Public/Documents/Altium/fpga_board/hw_accelerator_v1/board/hspice/ep4ce6_12__altera_dclk__out.sp         ;
;     C:/Users/Public/Documents/Altium/fpga_board/hw_accelerator_v1/board/hspice/ep4ce6_13__altera_data0__in.sp         ;
;     C:/Users/Public/Documents/Altium/fpga_board/hw_accelerator_v1/board/hspice/ep4ce6_101__altera_nceo__out.sp        ;
;     C:/Users/Public/Documents/Altium/fpga_board/hw_accelerator_v1/board/hspice/lib/output_delay_control.lib           ;
;     C:/Users/Public/Documents/Altium/fpga_board/hw_accelerator_v1/board/hspice/lib/package.lib                        ;
;     C:/Users/Public/Documents/Altium/fpga_board/hw_accelerator_v1/board/hspice/cir/hio_diff_buffer.inc                ;
;     C:/Users/Public/Documents/Altium/fpga_board/hw_accelerator_v1/board/hspice/cir/vio_diff_buffer.inc                ;
;     C:/Users/Public/Documents/Altium/fpga_board/hw_accelerator_v1/board/hspice/cir/hio_deddiff_buffer.inc             ;
;     C:/Users/Public/Documents/Altium/fpga_board/hw_accelerator_v1/board/hspice/lib/cive_tt.inc                        ;
;     C:/Users/Public/Documents/Altium/fpga_board/hw_accelerator_v1/board/hspice/lib/drive_select_hio.lib               ;
;     C:/Users/Public/Documents/Altium/fpga_board/hw_accelerator_v1/board/hspice/lib/slew_rate.lib                      ;
;     C:/Users/Public/Documents/Altium/fpga_board/hw_accelerator_v1/board/hspice/lib/drive_select_lvds.lib              ;
;     C:/Users/Public/Documents/Altium/fpga_board/hw_accelerator_v1/board/hspice/lib/drive_select_vio.lib               ;
;     C:/Users/Public/Documents/Altium/fpga_board/hw_accelerator_v1/board/hspice/cir/hio_buffer.inc                     ;
;     C:/Users/Public/Documents/Altium/fpga_board/hw_accelerator_v1/board/hspice/cir/vio_buffer.inc                     ;
;     C:/Users/Public/Documents/Altium/fpga_board/hw_accelerator_v1/board/hspice/lib/cive_ff.inc                        ;
;     C:/Users/Public/Documents/Altium/fpga_board/hw_accelerator_v1/board/hspice/lib/cive_ss.inc                        ;
+-----------------------------------------------------------------------------------------------------------------------+


+-----------------------------+
; EDA Netlist Writer Messages ;
+-----------------------------+
Info: *******************************************************************
Info: Running Quartus Prime EDA Netlist Writer
    Info: Version 19.1.0 Build 670 09/22/2019 SJ Lite Edition
    Info: Processing started: Sun Nov 16 14:06:00 2025
Info: Command: quartus_eda --read_settings_files=off --write_settings_files=off hw_accelerator_v1 -c hw_accelerator_v1
Warning (18236): Number of processors has not been specified which may cause overloading on shared machines.  Set the global assignment NUM_PARALLEL_PROCESSORS in your QSF to an appropriate value for best performance.
Info (204019): Generated file hw_accelerator_v1.vo in folder "C:/Users/Public/Documents/Altium/fpga_board/hw_accelerator_v1/simulation/modelsim/" for EDA simulation tool
Info (199053): Generated 34 HSPICE Output files for board level analysis
    Info (199051): Generated HSPICE Output File C:/Users/Public/Documents/Altium/fpga_board/hw_accelerator_v1/board/hspice/ep4ce6_143_leds_0__out.sp for board level analysis
    Info (199051): Generated HSPICE Output File C:/Users/Public/Documents/Altium/fpga_board/hw_accelerator_v1/board/hspice/ep4ce6_7_leds_1__out.sp for board level analysis
    Info (199051): Generated HSPICE Output File C:/Users/Public/Documents/Altium/fpga_board/hw_accelerator_v1/board/hspice/ep4ce6_3_leds_2__out.sp for board level analysis
    Info (199051): Generated HSPICE Output File C:/Users/Public/Documents/Altium/fpga_board/hw_accelerator_v1/board/hspice/ep4ce6_142_leds_3__out.sp for board level analysis
    Info (199051): Generated HSPICE Output File C:/Users/Public/Documents/Altium/fpga_board/hw_accelerator_v1/board/hspice/ep4ce6_141_leds_4__out.sp for board level analysis
    Info (199051): Generated HSPICE Output File C:/Users/Public/Documents/Altium/fpga_board/hw_accelerator_v1/board/hspice/ep4ce6_1_leds_5__out.sp for board level analysis
    Info (199051): Generated HSPICE Output File C:/Users/Public/Documents/Altium/fpga_board/hw_accelerator_v1/board/hspice/ep4ce6_144_leds_6__out.sp for board level analysis
    Info (199051): Generated HSPICE Output File C:/Users/Public/Documents/Altium/fpga_board/hw_accelerator_v1/board/hspice/ep4ce6_11_leds_7__out.sp for board level analysis
    Info (199051): Generated HSPICE Output File C:/Users/Public/Documents/Altium/fpga_board/hw_accelerator_v1/board/hspice/ep4ce6_2_leds_8__out.sp for board level analysis
    Info (199051): Generated HSPICE Output File C:/Users/Public/Documents/Altium/fpga_board/hw_accelerator_v1/board/hspice/ep4ce6_67_switches_0__in.sp for board level analysis
    Info (199051): Generated HSPICE Output File C:/Users/Public/Documents/Altium/fpga_board/hw_accelerator_v1/board/hspice/ep4ce6_43_switches_1__in.sp for board level analysis
    Info (199051): Generated HSPICE Output File C:/Users/Public/Documents/Altium/fpga_board/hw_accelerator_v1/board/hspice/ep4ce6_135_switches_2__in.sp for board level analysis
    Info (199051): Generated HSPICE Output File C:/Users/Public/Documents/Altium/fpga_board/hw_accelerator_v1/board/hspice/ep4ce6_65_switches_3__in.sp for board level analysis
    Info (199051): Generated HSPICE Output File C:/Users/Public/Documents/Altium/fpga_board/hw_accelerator_v1/board/hspice/ep4ce6_23_clk_250_in.sp for board level analysis
    Info (199051): Generated HSPICE Output File C:/Users/Public/Documents/Altium/fpga_board/hw_accelerator_v1/board/hspice/ep4ce6_24_reset_in.sp for board level analysis
    Info (199051): Generated HSPICE Output File C:/Users/Public/Documents/Altium/fpga_board/hw_accelerator_v1/board/hspice/ep4ce6_6__altera_asdo_data1__in.sp for board level analysis
    Info (199051): Generated HSPICE Output File C:/Users/Public/Documents/Altium/fpga_board/hw_accelerator_v1/board/hspice/ep4ce6_8__altera_flash_nce_ncso__in.sp for board level analysis
    Info (199051): Generated HSPICE Output File C:/Users/Public/Documents/Altium/fpga_board/hw_accelerator_v1/board/hspice/ep4ce6_12__altera_dclk__out.sp for board level analysis
    Info (199051): Generated HSPICE Output File C:/Users/Public/Documents/Altium/fpga_board/hw_accelerator_v1/board/hspice/ep4ce6_13__altera_data0__in.sp for board level analysis
    Info (199051): Generated HSPICE Output File C:/Users/Public/Documents/Altium/fpga_board/hw_accelerator_v1/board/hspice/ep4ce6_101__altera_nceo__out.sp for board level analysis
    Info (199051): Generated HSPICE Output File C:/Users/Public/Documents/Altium/fpga_board/hw_accelerator_v1/board/hspice/lib/output_delay_control.lib for board level analysis
    Info (199051): Generated HSPICE Output File C:/Users/Public/Documents/Altium/fpga_board/hw_accelerator_v1/board/hspice/lib/package.lib for board level analysis
    Info (199051): Generated HSPICE Output File C:/Users/Public/Documents/Altium/fpga_board/hw_accelerator_v1/board/hspice/cir/hio_diff_buffer.inc for board level analysis
    Info (199051): Generated HSPICE Output File C:/Users/Public/Documents/Altium/fpga_board/hw_accelerator_v1/board/hspice/cir/vio_diff_buffer.inc for board level analysis
    Info (199051): Generated HSPICE Output File C:/Users/Public/Documents/Altium/fpga_board/hw_accelerator_v1/board/hspice/cir/hio_deddiff_buffer.inc for board level analysis
    Info (199051): Generated HSPICE Output File C:/Users/Public/Documents/Altium/fpga_board/hw_accelerator_v1/board/hspice/lib/cive_tt.inc for board level analysis
    Info (199051): Generated HSPICE Output File C:/Users/Public/Documents/Altium/fpga_board/hw_accelerator_v1/board/hspice/lib/drive_select_hio.lib for board level analysis
    Info (199051): Generated HSPICE Output File C:/Users/Public/Documents/Altium/fpga_board/hw_accelerator_v1/board/hspice/lib/slew_rate.lib for board level analysis
    Info (199051): Generated HSPICE Output File C:/Users/Public/Documents/Altium/fpga_board/hw_accelerator_v1/board/hspice/lib/drive_select_lvds.lib for board level analysis
    Info (199051): Generated HSPICE Output File C:/Users/Public/Documents/Altium/fpga_board/hw_accelerator_v1/board/hspice/lib/drive_select_vio.lib for board level analysis
    Info (199051): Generated HSPICE Output File C:/Users/Public/Documents/Altium/fpga_board/hw_accelerator_v1/board/hspice/cir/hio_buffer.inc for board level analysis
    Info (199051): Generated HSPICE Output File C:/Users/Public/Documents/Altium/fpga_board/hw_accelerator_v1/board/hspice/cir/vio_buffer.inc for board level analysis
    Info (199051): Generated HSPICE Output File C:/Users/Public/Documents/Altium/fpga_board/hw_accelerator_v1/board/hspice/lib/cive_ff.inc for board level analysis
    Info (199051): Generated HSPICE Output File C:/Users/Public/Documents/Altium/fpga_board/hw_accelerator_v1/board/hspice/lib/cive_ss.inc for board level analysis
Info: Quartus Prime EDA Netlist Writer was successful. 0 errors, 1 warning
    Info: Peak virtual memory: 4651 megabytes
    Info: Processing ended: Sun Nov 16 14:06:02 2025
    Info: Elapsed time: 00:00:02
    Info: Total CPU time (on all processors): 00:00:02


