Analysis & Synthesis report for hw_accelerator_v1
Sun Nov 16 14:08:13 2025
Quartus Prime Version 19.1.0 Build 670 09/22/2019 SJ Lite Edition


---------------------
; Table of Contents ;
---------------------
  1. Legal Notice
  2. Analysis & Synthesis Summary
  3. Analysis & Synthesis Settings
  4. Parallel Compilation
  5. Analysis & Synthesis Messages
  6. Analysis & Synthesis Suppressed Messages



----------------
; Legal Notice ;
----------------
Copyright (C) 2019  Intel Corporation. All rights reserved.
Your use of Intel Corporation's design tools, logic functions 
and other software and tools, and any partner logic 
functions, and any output files from any of the foregoing 
(including device programming or simulation files), and any 
associated documentation or information are expressly subject 
to the terms and conditions of the Intel Program License 
Subscription Agreement, the Intel Quartus Prime License Agreement,
the Intel FPGA IP License Agreement, or other applicable license
agreement, including, without limitation, that your use is for
the sole purpose of programming logic devices manufactured by
Intel and sold by Intel or its authorized distributors.  Please
refer to the applicable agreement for further details, at
https://fpgasoftware.intel.com/eula.



+----------------------------------------------------------------------------------+
; Analysis & Synthesis Summary                                                     ;
+------------------------------------+---------------------------------------------+
; Analysis & Synthesis Status        ; Failed - Sun Nov 16 14:08:13 2025           ;
; Quartus Prime Version              ; 19.1.0 Build 670 09/22/2019 SJ Lite Edition ;
; Revision Name                      ; hw_accelerator_v1                           ;
; Top-level Entity Name              ; hw_accelerator_v1                           ;
; Family                             ; Cyclone IV E                                ;
; Total logic elements               ; N/A until Partition Merge                   ;
;     Total combinational functions  ; N/A until Partition Merge                   ;
;     Dedicated logic registers      ; N/A until Partition Merge                   ;
; Total registers                    ; N/A until Partition Merge                   ;
; Total pins                         ; N/A until Partition Merge                   ;
; Total virtual pins                 ; N/A until Partition Merge                   ;
; Total memory bits                  ; N/A until Partition Merge                   ;
; Embedded Multiplier 9-bit elements ; N/A until Partition Merge                   ;
; Total PLLs                         ; N/A until Partition Merge                   ;
+------------------------------------+---------------------------------------------+


+------------------------------------------------------------------------------------------------------------+
; Analysis & Synthesis Settings                                                                              ;
+------------------------------------------------------------------+--------------------+--------------------+
; Option                                                           ; Setting            ; Default Value      ;
+------------------------------------------------------------------+--------------------+--------------------+
; Device                                                           ; EP4CE6E22C8        ;                    ;
; Top-level entity name                                            ; hw_accelerator_v1  ; hw_accelerator_v1  ;
; Family name                                                      ; Cyclone IV E       ; Cyclone V          ;
; Use smart compilation                                            ; Off                ; Off                ;
; Enable parallel Assembler and Timing Analyzer during compilation ; On                 ; On                 ;
; Enable compact report table                                      ; Off                ; Off                ;
; Restructure Multiplexers                                         ; Auto               ; Auto               ;
; Create Debugging Nodes for IP Cores                              ; Off                ; Off                ;
; Preserve fewer node names                                        ; On                 ; On                 ;
; Intel FPGA IP Evaluation Mode                                    ; Enable             ; Enable             ;
; Verilog Version                                                  ; Verilog_2001       ; Verilog_2001       ;
; VHDL Version                                                     ; VHDL_1993          ; VHDL_1993          ;
; State Machine Processing                                         ; Auto               ; Auto               ;
; Safe State Machine                                               ; Off                ; Off                ;
; Extract Verilog State Machines                                   ; On                 ; On                 ;
; Extract VHDL State Machines                                      ; On                 ; On                 ;
; Ignore Verilog initial constructs                                ; Off                ; Off                ;
; Iteration limit for constant Verilog loops                       ; 5000               ; 5000               ;
; Iteration limit for non-constant Verilog loops                   ; 250                ; 250                ;
; Add Pass-Through Logic to Inferred RAMs                          ; On                 ; On                 ;
; Infer RAMs from Raw Logic                                        ; On                 ; On                 ;
; Parallel Synthesis                                               ; On                 ; On                 ;
; DSP Block Balancing                                              ; Auto               ; Auto               ;
; NOT Gate Push-Back                                               ; On                 ; On                 ;
; Power-Up Don't Care                                              ; On                 ; On                 ;
; Remove Redundant Logic Cells                                     ; Off                ; Off                ;
; Remove Duplicate Registers                                       ; On                 ; On                 ;
; Ignore CARRY Buffers                                             ; Off                ; Off                ;
; Ignore CASCADE Buffers                                           ; Off                ; Off                ;
; Ignore GLOBAL Buffers                                            ; Off                ; Off                ;
; Ignore ROW GLOBAL Buffers                                        ; Off                ; Off                ;
; Ignore LCELL Buffers                                             ; Off                ; Off                ;
; Ignore SOFT Buffers                                              ; On                 ; On                 ;
; Limit AHDL Integers to 32 Bits                                   ; Off                ; Off                ;
; Optimization Technique                                           ; Balanced           ; Balanced           ;
; Carry Chain Length                                               ; 70                 ; 70                 ;
; Auto Carry Chains                                                ; On                 ; On                 ;
; Auto Open-Drain Pins                                             ; On                 ; On                 ;
; Perform WYSIWYG Primitive Resynthesis                            ; Off                ; Off                ;
; Auto ROM Replacement                                             ; On                 ; On                 ;
; Auto RAM Replacement                                             ; On                 ; On                 ;
; Auto DSP Block Replacement                                       ; On                 ; On                 ;
; Auto Shift Register Replacement                                  ; Auto               ; Auto               ;
; Allow Shift Register Merging across Hierarchies                  ; Auto               ; Auto               ;
; Auto Clock Enable Replacement                                    ; On                 ; On                 ;
; Strict RAM Replacement                                           ; Off                ; Off                ;
; Allow Synchronous Control Signals                                ; On                 ; On                 ;
; Force Use of Synchronous Clear Signals                           ; Off                ; Off                ;
; Auto RAM Block Balancing                                         ; On                 ; On                 ;
; Auto RAM to Logic Cell Conversion                                ; Off                ; Off                ;
; Auto Resource Sharing                                            ; Off                ; Off                ;
; Allow Any RAM Size For Recognition                               ; Off                ; Off                ;
; Allow Any ROM Size For Recognition                               ; Off                ; Off                ;
; Allow Any Shift Register Size For Recognition                    ; Off                ; Off                ;
; Use LogicLock Constraints during Resource Balancing              ; On                 ; On                 ;
; Ignore translate_off and synthesis_off directives                ; Off                ; Off                ;
; Timing-Driven Synthesis                                          ; On                 ; On                 ;
; Report Parameter Settings                                        ; On                 ; On                 ;
; Report Source Assignments                                        ; On                 ; On                 ;
; Report Connectivity Checks                                       ; On                 ; On                 ;
; Ignore Maximum Fan-Out Assignments                               ; Off                ; Off                ;
; Synchronization Register Chain Length                            ; 2                  ; 2                  ;
; Power Optimization During Synthesis                              ; Normal compilation ; Normal compilation ;
; HDL message level                                                ; Level2             ; Level2             ;
; Suppress Register Optimization Related Messages                  ; Off                ; Off                ;
; Number of Removed Registers Reported in Synthesis Report         ; 5000               ; 5000               ;
; Number of Swept Nodes Reported in Synthesis Report               ; 5000               ; 5000               ;
; Number of Inverted Registers Reported in Synthesis Report        ; 100                ; 100                ;
; Clock MUX Protection                                             ; On                 ; On                 ;
; Auto Gated Clock Conversion                                      ; Off                ; Off                ;
; Block Design Naming                                              ; Auto               ; Auto               ;
; SDC constraint protection                                        ; Off                ; Off                ;
; Synthesis Effort                                                 ; Auto               ; Auto               ;
; Shift Register Replacement - Allow Asynchronous Clear Signal     ; On                 ; On                 ;
; Pre-Mapping Resynthesis Optimization                             ; Off                ; Off                ;
; Analysis & Synthesis Message Level                               ; Medium             ; Medium             ;
; Disable Register Merging Across Hierarchies                      ; Auto               ; Auto               ;
; Resource Aware Inference For Block RAM                           ; On                 ; On                 ;
+------------------------------------------------------------------+--------------------+--------------------+


+------------------------------------------+
; Parallel Compilation                     ;
+----------------------------+-------------+
; Processors                 ; Number      ;
+----------------------------+-------------+
; Number detected on machine ; 16          ;
; Maximum allowed            ; 16          ;
;                            ;             ;
; Average used               ; 1.00        ;
; Maximum used               ; 1           ;
;                            ;             ;
; Usage by Processor         ; % Time Used ;
;     Processor 1            ; 100.0%      ;
+----------------------------+-------------+


+-------------------------------+
; Analysis & Synthesis Messages ;
+-------------------------------+
Info: *******************************************************************
Info: Running Quartus Prime Analysis & Synthesis
    Info: Version 19.1.0 Build 670 09/22/2019 SJ Lite Edition
    Info: Processing started: Sun Nov 16 14:08:00 2025
Info: Command: quartus_map --read_settings_files=on --write_settings_files=off hw_accelerator_v1 -c hw_accelerator_v1
Warning (18236): Number of processors has not been specified which may cause overloading on shared machines.  Set the global assignment NUM_PARALLEL_PROCESSORS in your QSF to an appropriate value for best performance.
Info (20030): Parallel compilation is enabled and will use 16 of the 16 processors detected
Info (12021): Found 1 design units, including 1 entities, in source file /users/public/documents/altium/fpga_board/project_test/sum.sv
    Info (12023): Found entity 1: SUM File: C:/Users/Public/Documents/Altium/fpga_board/Project_test/SUM.sv Line: 1
Info (12021): Found 1 design units, including 1 entities, in source file /users/public/documents/altium/fpga_board/project_test/sub.sv
    Info (12023): Found entity 1: SUB File: C:/Users/Public/Documents/Altium/fpga_board/Project_test/SUB.sv Line: 1
Info (12021): Found 1 design units, including 1 entities, in source file /users/public/documents/altium/fpga_board/project_test/sqrt.sv
    Info (12023): Found entity 1: SQRT File: C:/Users/Public/Documents/Altium/fpga_board/Project_test/SQRT.sv Line: 12
Info (12021): Found 1 design units, including 1 entities, in source file /users/public/documents/altium/fpga_board/project_test/signum.sv
    Info (12023): Found entity 1: SIGNUM File: C:/Users/Public/Documents/Altium/fpga_board/Project_test/SIGNUM.sv Line: 2
Info (12021): Found 1 design units, including 1 entities, in source file /users/public/documents/altium/fpga_board/project_test/sat.sv
    Info (12023): Found entity 1: SAT File: C:/Users/Public/Documents/Altium/fpga_board/Project_test/SAT.sv Line: 2
Info (12021): Found 1 design units, including 1 entities, in source file /users/public/documents/altium/fpga_board/project_test/mult.sv
    Info (12023): Found entity 1: MULT File: C:/Users/Public/Documents/Altium/fpga_board/Project_test/MULT.sv Line: 1
Info (12021): Found 1 design units, including 1 entities, in source file /users/public/documents/altium/fpga_board/project_test/gain.sv
    Info (12023): Found entity 1: GAIN File: C:/Users/Public/Documents/Altium/fpga_board/Project_test/GAIN.sv Line: 1
Info (12021): Found 1 design units, including 1 entities, in source file /users/public/documents/altium/fpga_board/project_test/dot_product.sv
    Info (12023): Found entity 1: DOT_PRODUCT File: C:/Users/Public/Documents/Altium/fpga_board/Project_test/DOT_PRODUCT.sv Line: 1
Info (12021): Found 1 design units, including 1 entities, in source file /users/public/documents/altium/fpga_board/project_test/div.sv
    Info (12023): Found entity 1: DIV File: C:/Users/Public/Documents/Altium/fpga_board/Project_test/DIV.sv Line: 1
Warning (10275): Verilog HDL Module Instantiation warning at hw_accelerator_v1.sv(157): ignored dangling comma in List of Port Connections File: C:/Users/Public/Documents/Altium/fpga_board/hw_accelerator_v1/hw_accelerator_v1.sv Line: 157
Info (12021): Found 1 design units, including 1 entities, in source file hw_accelerator_v1.sv
    Info (12023): Found entity 1: hw_accelerator_v1 File: C:/Users/Public/Documents/Altium/fpga_board/hw_accelerator_v1/hw_accelerator_v1.sv Line: 1
Info (12127): Elaborating entity "hw_accelerator_v1" for the top level hierarchy
Warning (10036): Verilog HDL or VHDL warning at hw_accelerator_v1.sv(28): object "sum_in_a" assigned a value but never read File: C:/Users/Public/Documents/Altium/fpga_board/hw_accelerator_v1/hw_accelerator_v1.sv Line: 28
Warning (10036): Verilog HDL or VHDL warning at hw_accelerator_v1.sv(28): object "sum_in_b" assigned a value but never read File: C:/Users/Public/Documents/Altium/fpga_board/hw_accelerator_v1/hw_accelerator_v1.sv Line: 28
Warning (10858): Verilog HDL warning at hw_accelerator_v1.sv(29): object sum_out used but never assigned File: C:/Users/Public/Documents/Altium/fpga_board/hw_accelerator_v1/hw_accelerator_v1.sv Line: 29
Warning (10036): Verilog HDL or VHDL warning at hw_accelerator_v1.sv(46): object "sub_in_a" assigned a value but never read File: C:/Users/Public/Documents/Altium/fpga_board/hw_accelerator_v1/hw_accelerator_v1.sv Line: 46
Warning (10036): Verilog HDL or VHDL warning at hw_accelerator_v1.sv(46): object "sub_in_b" assigned a value but never read File: C:/Users/Public/Documents/Altium/fpga_board/hw_accelerator_v1/hw_accelerator_v1.sv Line: 46
Warning (10036): Verilog HDL or VHDL warning at hw_accelerator_v1.sv(64): object "mult_in_a" assigned a value but never read File: C:/Users/Public/Documents/Altium/fpga_board/hw_accelerator_v1/hw_accelerator_v1.sv Line: 64
Warning (10036): Verilog HDL or VHDL warning at hw_accelerator_v1.sv(64): object "mult_in_b" assigned a value but never read File: C:/Users/Public/Documents/Altium/fpga_board/hw_accelerator_v1/hw_accelerator_v1.sv Line: 64
Warning (10858): Verilog HDL warning at hw_accelerator_v1.sv(65): object mult_out used but never assigned File: C:/Users/Public/Documents/Altium/fpga_board/hw_accelerator_v1/hw_accelerator_v1.sv Line: 65
Warning (10036): Verilog HDL or VHDL warning at hw_accelerator_v1.sv(83): object "gain_a" assigned a value but never read File: C:/Users/Public/Documents/Altium/fpga_board/hw_accelerator_v1/hw_accelerator_v1.sv Line: 83
Warning (10036): Verilog HDL or VHDL warning at hw_accelerator_v1.sv(84): object "gain_b" assigned a value but never read File: C:/Users/Public/Documents/Altium/fpga_board/hw_accelerator_v1/hw_accelerator_v1.sv Line: 84
Warning (10036): Verilog HDL or VHDL warning at hw_accelerator_v1.sv(102): object "sqrt_in" assigned a value but never read File: C:/Users/Public/Documents/Altium/fpga_board/hw_accelerator_v1/hw_accelerator_v1.sv Line: 102
Warning (10858): Verilog HDL warning at hw_accelerator_v1.sv(103): object sqrt_out used but never assigned File: C:/Users/Public/Documents/Altium/fpga_board/hw_accelerator_v1/hw_accelerator_v1.sv Line: 103
Warning (10036): Verilog HDL or VHDL warning at hw_accelerator_v1.sv(146): object "sat_in" assigned a value but never read File: C:/Users/Public/Documents/Altium/fpga_board/hw_accelerator_v1/hw_accelerator_v1.sv Line: 146
Warning (10858): Verilog HDL warning at hw_accelerator_v1.sv(147): object sat_out used but never assigned File: C:/Users/Public/Documents/Altium/fpga_board/hw_accelerator_v1/hw_accelerator_v1.sv Line: 147
Info (12128): Elaborating entity "DOT_PRODUCT" for hierarchy "DOT_PRODUCT:DOT_PRODUCT_BLOCK[0].DOT_PRODUCT_inst" File: C:/Users/Public/Documents/Altium/fpga_board/hw_accelerator_v1/hw_accelerator_v1.sv Line: 142
Info (12128): Elaborating entity "MULT" for hierarchy "DOT_PRODUCT:DOT_PRODUCT_BLOCK[0].DOT_PRODUCT_inst|MULT:mult_inst0" File: C:/Users/Public/Documents/Altium/fpga_board/Project_test/DOT_PRODUCT.sv Line: 62
Warning (10240): Verilog HDL Always Construct warning at MULT.sv(131): inferring latch(es) for variable "is_zero_result", which holds its previous value in one or more paths through the always construct File: C:/Users/Public/Documents/Altium/fpga_board/Project_test/MULT.sv Line: 131
Warning (10240): Verilog HDL Always Construct warning at MULT.sv(131): inferring latch(es) for variable "e", which holds its previous value in one or more paths through the always construct File: C:/Users/Public/Documents/Altium/fpga_board/Project_test/MULT.sv Line: 131
Warning (10240): Verilog HDL Always Construct warning at MULT.sv(131): inferring latch(es) for variable "frac_norm", which holds its previous value in one or more paths through the always construct File: C:/Users/Public/Documents/Altium/fpga_board/Project_test/MULT.sv Line: 131
Warning (10240): Verilog HDL Always Construct warning at MULT.sv(131): inferring latch(es) for variable "exp_norm", which holds its previous value in one or more paths through the always construct File: C:/Users/Public/Documents/Altium/fpga_board/Project_test/MULT.sv Line: 131
Error (10166): SystemVerilog RTL Coding error at MULT.sv(131): always_comb construct does not infer purely combinational logic. File: C:/Users/Public/Documents/Altium/fpga_board/Project_test/MULT.sv Line: 131
Error (12152): Can't elaborate user hierarchy "DOT_PRODUCT:DOT_PRODUCT_BLOCK[0].DOT_PRODUCT_inst|MULT:mult_inst0" File: C:/Users/Public/Documents/Altium/fpga_board/Project_test/DOT_PRODUCT.sv Line: 62
Info (144001): Generated suppressed messages file C:/Users/Public/Documents/Altium/fpga_board/hw_accelerator_v1/output_files/hw_accelerator_v1.map.smsg
Error: Quartus Prime Analysis & Synthesis was unsuccessful. 2 errors, 20 warnings
    Error: Peak virtual memory: 4714 megabytes
    Error: Processing ended: Sun Nov 16 14:08:13 2025
    Error: Elapsed time: 00:00:13
    Error: Total CPU time (on all processors): 00:00:37


+------------------------------------------+
; Analysis & Synthesis Suppressed Messages ;
+------------------------------------------+
The suppressed messages can be found in C:/Users/Public/Documents/Altium/fpga_board/hw_accelerator_v1/output_files/hw_accelerator_v1.map.smsg.


