Removed Pin From Net: NetName=GND Pin=C?-1
Removed Pin From Net: NetName=GND Pin=CJ_1-1
Removed Pin From Net: NetName=VBUS Pin=CJ_1-2
Removed Pin From Net: NetName=GND Pin=CJ_2-1
Removed Pin From Net: NetName=GND Pin=CU_1-1
Removed Pin From Net: NetName=VBUS Pin=J_1-1
Removed Pin From Net: NetName=TCK/SCK Pin=P1-1
Removed Pin From Net: NetName=GND Pin=P1-2
Removed Pin From Net: NetName=TDO Pin=P1-3
Removed Pin From Net: NetName=TMS Pin=P1-5
Removed Pin From Net: NetName=Floating Pin=P1-6
Removed Pin From Net: NetName=Floating Pin=P1-7
Removed Pin From Net: NetName=Floating Pin=P1-8
Removed Pin From Net: NetName=TDI Pin=P1-9
Removed Pin From Net: NetName=GND Pin=P1-10
Removed Pin From Net: NetName=TMS Pin=P2-3
Removed Pin From Net: NetName=GND Pin=P2-4
Removed Pin From Net: NetName=TCK/SCK Pin=P2-5
Removed Pin From Net: NetName=GND Pin=P2-6
Removed Pin From Net: NetName=TDO Pin=P2-7
Removed Pin From Net: NetName=GND Pin=P2-8
Removed Pin From Net: NetName=TDI Pin=P2-9
Removed Pin From Net: NetName=CC1 Pin=R11-1
Removed Pin From Net: NetName=GND Pin=R11-2
Removed Pin From Net: NetName=GND Pin=R12-2
Removed Pin From Net: NetName=CC2 Pin=R13-1
Removed Pin From Net: NetName=GND Pin=R13-2
Removed Pin From Net: NetName=GND Pin=RJ_1-1
Removed Pin From Net: NetName=TCK/SCK Pin=RJ_1-2
Removed Pin From Net: NetName=GND Pin=RJ_5-1
Removed Pin From Net: NetName=TCK/SCK Pin=RU_1-2
Removed Pin From Net: NetName=GND Pin=SW1-2
Removed Pin From Net: NetName=GND Pin=U2-3
Removed Pin From Net: NetName=TCK/SCK Pin=U2-6
Removed Pin From Net: NetName=GND Pin=U2-9
Removed Pin From Net: NetName=TDI Pin=U2-18
Removed Pin From Net: NetName=TDO Pin=U2-19
Removed Pin From Net: NetName=TMS Pin=U2-20
Removed Pin From Net: NetName=GND Pin=U2-29
Removed Pin From Net: NetName=Floating Pin=U2-32
Removed Pin From Net: NetName=Floating Pin=U2-33
Removed Pin From Net: NetName=CC2 Pin=U2-62
Removed Pin From Net: NetName=CC1 Pin=U2-65
Removed Pin From Net: NetName=GND Pin=U2-69
Removed Pin From Net: NetName=5V Pin=U5-1
Removed Pin From Net: NetName=GND Pin=U5-2
Removed Pin From Net: NetName=GND Pin=Y1-2
Removed Member From Class: ClassName=USB_PHY Member=CJ_1
Removed Member From Class: ClassName=USB_PHY Member=CJ_2
Removed Member From Class: ClassName=USB_PHY Member=CU_1
Removed Member From Class: ClassName=USB_PHY Member=DS1
Removed Member From Class: ClassName=USB_PHY Member=J1
Removed Member From Class: ClassName=USB_PHY Member=J_1
Removed Member From Class: ClassName=USB_PHY Member=P1
Removed Member From Class: ClassName=USB_PHY Member=P2
Removed Member From Class: ClassName=USB_PHY Member=R11
Removed Member From Class: ClassName=USB_PHY Member=R12
Removed Member From Class: ClassName=USB_PHY Member=R13
Removed Member From Class: ClassName=USB_PHY Member=R?
Removed Member From Class: ClassName=USB_PHY Member=RJ_1
Removed Member From Class: ClassName=USB_PHY Member=RJ_4
Removed Member From Class: ClassName=USB_PHY Member=RJ_5
Removed Member From Class: ClassName=USB_PHY Member=RS1
Removed Member From Class: ClassName=USB_PHY Member=RU1
Removed Member From Class: ClassName=USB_PHY Member=RU_1
Removed Member From Class: ClassName=USB_PHY Member=RU_2
Removed Member From Class: ClassName=USB_PHY Member=RU_3
Removed Member From Class: ClassName=USB_PHY Member=SW1
Removed Member From Class: ClassName=USB_PHY Member=U2
Removed Member From Class: ClassName=USB_PHY Member=U5
Removed Member From Class: ClassName=USB_PHY Member=Y1
Change Component Footprint: Designator=C? Old Footprint=FP-C1608-080-0_1-IPC_B New Footprint=CAPC1608X90X35LL15T15
Change Component Comment : Designator=C? Old Comment=C1608X5R1H105K080AB New Comment=C0603C105K9PACTU
Change Managed Component Library Link : Designator=C? Old VaultGUID=B7D15EC3-160A-466F-A46C-7801FE6295A7 New VaultGUID=B7D15EC3-160A-466F-A46C-7801FE6295A7 Old ItemGUID=0039E097-B5E9-4C4F-BA82-DAC2B734F469 New ItemGUID=3A00CA8E-BBA7-403A-A30F-FB2CC8A764F5 Old RevisionGUID=5FC4AC54-62C9-42A1-9998-8FD4D88BCE93 New RevisionGUID=EADF6083-55DA-43AD-96E3-D507644AA6D8
Change component parameters: Designator = "C?" ("C?"); Footprint = "FP-C1608-080-0_1-IPC_B"; UniqueID = "\HPVZLAIR\UJFHECNO" ("\HPVZLAIR\UJFHECNO")
Change component parameters (AddParameter): Name = "Manufacturer"; Value = "Kemet"; VariantName = "[No Variations]"
Change component parameters (AddParameter): Name = "Part Number"; Value = "C0603C105K9PACTU"; VariantName = "[No Variations]"
Added Component: Designator=C?(FP-GCG188-0_2-IPC_B)
Added Component: Designator=C?(CAPC1608X90X35LL15T15)
Add component (AddParameter): Name = "Manufacturer"; Value = "Kemet"; VariantName = "[No Variations]"
Add component (AddParameter): Name = "Part Number"; Value = "C0603C105K9PACTU"; VariantName = "[No Variations]"
Added Component: Designator=C?(FP-GCG188-0_2-IPC_B)
Added Component: Designator=C?(FP-C1608-080-0_1-IPC_B)
Add component (AddParameter): Name = "Capacitance"; Value = "1uF"; VariantName = "[No Variations]"
Add component (AddParameter): Name = "Case Code (Imperial)"; Value = "0603"; VariantName = "[No Variations]"
Add component (AddParameter): Name = "Case Code (Metric)"; Value = "1608"; VariantName = "[No Variations]"
Add component (AddParameter): Name = "Case/Package"; Value = "0603"; VariantName = "[No Variations]"
Add component (AddParameter): Name = "Construction"; Value = "Flat"; VariantName = "[No Variations]"
Add component (AddParameter): Name = "Depth"; Value = "0.8mm"; VariantName = "[No Variations]"
Add component (AddParameter): Name = "Dielectric"; Value = "X5R"; VariantName = "[No Variations]"
Add component (AddParameter): Name = "Dielectric Material"; Value = "Ceramic"; VariantName = "[No Variations]"
Add component (AddParameter): Name = "Height"; Value = "0.8mm"; VariantName = "[No Variations]"
Add component (AddParameter): Name = "Lead Free"; Value = "Lead Free"; VariantName = "[No Variations]"
Add component (AddParameter): Name = "Length"; Value = "1.6mm"; VariantName = "[No Variations]"
Add component (AddParameter): Name = "Max Operating Temperature"; Value = "85°C"; VariantName = "[No Variations]"
Add component (AddParameter): Name = "Min Operating Temperature"; Value = "-55°C"; VariantName = "[No Variations]"
Add component (AddParameter): Name = "Mount"; Value = "Surface Mount"; VariantName = "[No Variations]"
Add component (AddParameter): Name = "Number of Pins"; Value = "2"; VariantName = "[No Variations]"
Add component (AddParameter): Name = "Package Quantity"; Value = "1"; VariantName = "[No Variations]"
Add component (AddParameter): Name = "Packaging"; Value = "Tape and Reel"; VariantName = "[No Variations]"
Add component (AddParameter): Name = "Radiation Hardening"; Value = "No"; VariantName = "[No Variations]"
Add component (AddParameter): Name = "REACH SVHC"; Value = "No SVHC"; VariantName = "[No Variations]"
Add component (AddParameter): Name = "Resistor Type"; Value = "Ceramic"; VariantName = "[No Variations]"
Add component (AddParameter): Name = "RoHS Compliant"; Value = "Yes"; VariantName = "[No Variations]"
Add component (AddParameter): Name = "Series"; Value = "C"; VariantName = "[No Variations]"
Add component (AddParameter): Name = "Termination"; Value = "SMD/SMT"; VariantName = "[No Variations]"
Add component (AddParameter): Name = "Thickness"; Value = "0.035inch"; VariantName = "[No Variations]"
Add component (AddParameter): Name = "Tolerance"; Value = "10%"; VariantName = "[No Variations]"
Add component (AddParameter): Name = "Voltage"; Value = "50V"; VariantName = "[No Variations]"
Add component (AddParameter): Name = "Voltage Rating"; Value = "50V"; VariantName = "[No Variations]"
Add component (AddParameter): Name = "Voltage Rating (DC)"; Value = "50V"; VariantName = "[No Variations]"
Add component (AddParameter): Name = "Weight"; Value = "7.1E-05oz"; VariantName = "[No Variations]"
Add component (AddParameter): Name = "Width"; Value = "0.031inch"; VariantName = "[No Variations]"
Added Component: Designator=C?(FP-GCG188-0_2-IPC_B)
Added Component: Designator=C?(CAPC1608X87X35ML15T15)
Add component (AddParameter): Name = "Manufacturer"; Value = "Kemet"; VariantName = "[No Variations]"
Add component (AddParameter): Name = "Part Number"; Value = "C0603S102K4RACTU"; VariantName = "[No Variations]"
Added Component: Designator=C?(CAPC2013X145X50ML20T25)
Add component (AddParameter): Name = "Manufacturer"; Value = "Kemet"; VariantName = "[No Variations]"
Add component (AddParameter): Name = "Part Number"; Value = "C0805S472K5RACTU"; VariantName = "[No Variations]"
Added Component: Designator=C?(FP-GCG188-0_2-IPC_B)
Added Component: Designator=C?(CAPC1608X90X35LL15T15)
Add component (AddParameter): Name = "Manufacturer"; Value = "Kemet"; VariantName = "[No Variations]"
Add component (AddParameter): Name = "Part Number"; Value = "C0603C105K9PACTU"; VariantName = "[No Variations]"
Added Component: Designator=C?(CAPC2013X145X50ML20T25)
Add component (AddParameter): Name = "Manufacturer"; Value = "Kemet"; VariantName = "[No Variations]"
Add component (AddParameter): Name = "Part Number"; Value = "C0805S472K5RACTU"; VariantName = "[No Variations]"
Added Component: Designator=C?(CAPC1608X87X35ML15T15)
Add component (AddParameter): Name = "Manufacturer"; Value = "Kemet"; VariantName = "[No Variations]"
Add component (AddParameter): Name = "Part Number"; Value = "C0603S102K4RACTU"; VariantName = "[No Variations]"
Added Component: Designator=C?(CAPC1608X87X35ML15T15)
Add component (AddParameter): Name = "Manufacturer"; Value = "Kemet"; VariantName = "[No Variations]"
Add component (AddParameter): Name = "Part Number"; Value = "C0603S102K4RACTU"; VariantName = "[No Variations]"
Added Component: Designator=C?(FP-GCG188-0_2-IPC_B)
Added Component: Designator=CJ_?(CAPC1206(3216)170_L)
Add component (AddParameter): Name = "Case-EIA"; Value = "1206"; VariantName = "[No Variations]"
Add component (AddParameter): Name = "Case-Metric"; Value = "3216"; VariantName = "[No Variations]"
Add component (AddParameter): Name = "Max Thickness"; Value = "1.7 mm"; VariantName = "[No Variations]"
Add component (AddParameter): Name = "Rated Voltage"; Value = "25 V"; VariantName = "[No Variations]"
Add component (AddParameter): Name = "Technology"; Value = "SMT"; VariantName = "[No Variations]"
Add component (AddParameter): Name = "Tolerance"; Value = "Â±5%"; VariantName = "[No Variations]"
Add component (AddParameter): Name = "Value"; Value = "100nF"; VariantName = "[No Variations]"
Added Component: Designator=CJ_?(CAPC1206(3216)170_L)
Add component (AddParameter): Name = "Case-EIA"; Value = "1206"; VariantName = "[No Variations]"
Add component (AddParameter): Name = "Case-Metric"; Value = "3216"; VariantName = "[No Variations]"
Add component (AddParameter): Name = "Max Thickness"; Value = "1.7 mm"; VariantName = "[No Variations]"
Add component (AddParameter): Name = "Rated Voltage"; Value = "25 V"; VariantName = "[No Variations]"
Add component (AddParameter): Name = "Technology"; Value = "SMT"; VariantName = "[No Variations]"
Add component (AddParameter): Name = "Tolerance"; Value = "Â±5%"; VariantName = "[No Variations]"
Add component (AddParameter): Name = "Value"; Value = "100nF"; VariantName = "[No Variations]"
Add component: Footprint Not Found SON127P800X600X80-9N-D
Add component: Footprint Not Found BUS_PCIexpress_x4
Add component: Footprint Not Found FTSH-107-XX-YYY-DV-K-P-TR
Added Component: Designator=L3(FP-LQG15HH_02-MFG)
Add component (AddParameter): Name = "Case Code (Imperial)"; Value = "0402"; VariantName = "[No Variations]"
Add component (AddParameter): Name = "Case Code (Metric)"; Value = "1005"; VariantName = "[No Variations]"
Add component (AddParameter): Name = "Case/Package"; Value = "0402"; VariantName = "[No Variations]"
Add component (AddParameter): Name = "Core Material"; Value = "Air"; VariantName = "[No Variations]"
Add component (AddParameter): Name = "Current Rating"; Value = "300mA"; VariantName = "[No Variations]"
Add component (AddParameter): Name = "DC Current"; Value = "300mA"; VariantName = "[No Variations]"
Add component (AddParameter): Name = "DC Resistance (DCR)"; Value = "330mR"; VariantName = "[No Variations]"
Add component (AddParameter): Name = "Depth"; Value = "0.55mm"; VariantName = "[No Variations]"
Add component (AddParameter): Name = "Height"; Value = "0.02inch"; VariantName = "[No Variations]"
Add component (AddParameter): Name = "Height - Seated (Max)"; Value = "0.022inch"; VariantName = "[No Variations]"
Add component (AddParameter): Name = "Inductance"; Value = "8.2nH"; VariantName = "[No Variations]"
Add component (AddParameter): Name = "Inductance Tolerance"; Value = "5%"; VariantName = "[No Variations]"
Add component (AddParameter): Name = "Lead Free"; Value = "Lead Free"; VariantName = "[No Variations]"
Add component (AddParameter): Name = "Length"; Value = "1mm"; VariantName = "[No Variations]"
Add component (AddParameter): Name = "Max DC Current"; Value = "300mA"; VariantName = "[No Variations]"
Add component (AddParameter): Name = "Max Operating Temperature"; Value = "125°C"; VariantName = "[No Variations]"
Add component (AddParameter): Name = "Military Standard"; Value = "Not"; VariantName = "[No Variations]"
Add component (AddParameter): Name = "Min Operating Temperature"; Value = "-55°C"; VariantName = "[No Variations]"
Add component (AddParameter): Name = "Mount"; Value = "Surface Mount"; VariantName = "[No Variations]"
Add component (AddParameter): Name = "Package Quantity"; Value = "1"; VariantName = "[No Variations]"
Add component (AddParameter): Name = "Packaging"; Value = "Tape and Reel"; VariantName = "[No Variations]"
Add component (AddParameter): Name = "Q Factor"; Value = "8"; VariantName = "[No Variations]"
Add component (AddParameter): Name = "Radiation Hardening"; Value = "No"; VariantName = "[No Variations]"
Add component (AddParameter): Name = "REACH SVHC"; Value = "No SVHC"; VariantName = "[No Variations]"
Add component (AddParameter): Name = "Self Resonant Frequency"; Value = "3.6GHz"; VariantName = "[No Variations]"
Add component (AddParameter): Name = "Shielding"; Value = "Unshielded"; VariantName = "[No Variations]"
Add component (AddParameter): Name = "Termination"; Value = "SMD/SMT"; VariantName = "[No Variations]"
Add component (AddParameter): Name = "Test Frequency"; Value = "100MHz"; VariantName = "[No Variations]"
Add component (AddParameter): Name = "Tolerance"; Value = "5%"; VariantName = "[No Variations]"
Add component (AddParameter): Name = "Width"; Value = "0.5mm"; VariantName = "[No Variations]"
Added Component: Designator=P?(61201021621)
Add component (AddParameter): Name = "Color"; Value = "Black"; VariantName = "[No Variations]"
Add component (AddParameter): Name = "Connector Type"; Value = "Male Pin"; VariantName = "[No Variations]"
Add component (AddParameter): Name = "Contact Gender"; Value = "Male"; VariantName = "[No Variations]"
Add component (AddParameter): Name = "Contact Material"; Value = "Copper"; VariantName = "[No Variations]"
Add component (AddParameter): Name = "Contact Plating"; Value = "Gold"; VariantName = "[No Variations]"
Add component (AddParameter): Name = "Contact Resistance"; Value = "20mO"; VariantName = "[No Variations]"
Add component (AddParameter): Name = "Current Rating"; Value = "3A"; VariantName = "[No Variations]"
Add component (AddParameter): Name = "Flammability Rating"; Value = "UL94 V-0"; VariantName = "[No Variations]"
Add component (AddParameter): Name = "Gender"; Value = "Male"; VariantName = "[No Variations]"
Add component (AddParameter): Name = "Height"; Value = "8.85mm"; VariantName = "[No Variations]"
Add component (AddParameter): Name = "Housing Material"; Value = "PBT"; VariantName = "[No Variations]"
Add component (AddParameter): Name = "Insulation Material"; Value = "PBT"; VariantName = "[No Variations]"
Add component (AddParameter): Name = "Insulation Resistance"; Value = "1GO"; VariantName = "[No Variations]"
Add component (AddParameter): Name = "Lead Free"; Value = "Lead Free"; VariantName = "[No Variations]"
Add component (AddParameter): Name = "Lead Pitch"; Value = "2.54mm"; VariantName = "[No Variations]"
Add component (AddParameter): Name = "Length"; Value = "20.36mm"; VariantName = "[No Variations]"
Add component (AddParameter): Name = "Max Operating Temperature"; Value = "105°C"; VariantName = "[No Variations]"
Add component (AddParameter): Name = "Min Operating Temperature"; Value = "-40°C"; VariantName = "[No Variations]"
Add component (AddParameter): Name = "Mount"; Value = "Through Hole"; VariantName = "[No Variations]"
Add component (AddParameter): Name = "NexarPartId"; Value = "8917783"; VariantName = "[No Variations]"
Add component (AddParameter): Name = "Number of Contacts"; Value = "10"; VariantName = "[No Variations]"
Add component (AddParameter): Name = "Number of Pins"; Value = "10"; VariantName = "[No Variations]"
Add component (AddParameter): Name = "Number of Positions"; Value = "10"; VariantName = "[No Variations]"
Add component (AddParameter): Name = "Number of Rows"; Value = "2"; VariantName = "[No Variations]"
Add component (AddParameter): Name = "Operating Supply Voltage"; Value = "250V"; VariantName = "[No Variations]"
Add component (AddParameter): Name = "Orientation"; Value = "Vertical"; VariantName = "[No Variations]"
Add component (AddParameter): Name = "Pitch"; Value = "2.54mm"; VariantName = "[No Variations]"
Add component (AddParameter): Name = "REACH SVHC"; Value = "Unknown"; VariantName = "[No Variations]"
Add component (AddParameter): Name = "RoHS"; Value = "Compliant"; VariantName = "[No Variations]"
Add component (AddParameter): Name = "Row Spacing"; Value = "2.54mm"; VariantName = "[No Variations]"
Add component (AddParameter): Name = "Termination"; Value = "Solder"; VariantName = "[No Variations]"
Add component (AddParameter): Name = "Voltage Rating"; Value = "250V"; VariantName = "[No Variations]"
Add component (AddParameter): Name = "Voltage Rating (DC)"; Value = "250V"; VariantName = "[No Variations]"
Add component (AddParameter): Name = "Width"; Value = "20.36mm"; VariantName = "[No Variations]"
Added Component: Designator=R?(RESC0603X26X15NL03T05)
Add component (AddParameter): Name = "Manufacturer"; Value = "Multicomp"; VariantName = "[No Variations]"
Add component (AddParameter): Name = "Part Number"; Value = "MCRE000157"; VariantName = "[No Variations]"
Added Component: Designator=R?(RESC0603X26X15NL03T05)
Add component (AddParameter): Name = "Manufacturer"; Value = "Multicomp"; VariantName = "[No Variations]"
Add component (AddParameter): Name = "Part Number"; Value = "MCRE000157"; VariantName = "[No Variations]"
Added Component: Designator=U?(FP-DBV0005A-MFG)
Add component (AddParameter): Name = "Accuracy Percentage"; Value = "1%"; VariantName = "[No Variations]"
Add component (AddParameter): Name = "Automotive"; Value = "No"; VariantName = "[No Variations]"
Add component (AddParameter): Name = "Category"; Value = "IC"; VariantName = "[No Variations]"
Add component (AddParameter): Name = "ComponentLink2Description"; Value = "Datasheet"; VariantName = "[No Variations]"
Add component (AddParameter): Name = "ComponentLink2URL"; Value = "http://www.ti.com/lit/ds/symlink/tlv733p.pdf"; VariantName = "[No Variations]"
Add component (AddParameter): Name = "Device Class L1"; Value = "Integrated Circuits (ICs)"; VariantName = "[No Variations]"
Add component (AddParameter): Name = "Device Class L2"; Value = "Power Management ICs"; VariantName = "[No Variations]"
Add component (AddParameter): Name = "Device Class L3"; Value = "Voltage Regulators - Linear"; VariantName = "[No Variations]"
Add component (AddParameter): Name = "Digikey Description"; Value = "IC REG LINEAR 3.3V 300MA SOT23-5"; VariantName = "[No Variations]"
Add component (AddParameter): Name = "Dropout Voltage"; Value = "125mV"; VariantName = "[No Variations]"
Add component (AddParameter): Name = "Height"; Value = "1.45mm"; VariantName = "[No Variations]"
Add component (AddParameter): Name = "Lead Free"; Value = "Yes"; VariantName = "[No Variations]"
Add component (AddParameter): Name = "Manufacturer"; Value = "Texas Instruments"; VariantName = "[No Variations]"
Add component (AddParameter): Name = "Manufacturer Part Number"; Value = "TLV73333PDBVR"; VariantName = "[No Variations]"
Add component (AddParameter): Name = "Max Junction Temp"; Value = "+125°C"; VariantName = "[No Variations]"
Add component (AddParameter): Name = "Max Supply Voltage"; Value = "5.5V"; VariantName = "[No Variations]"
Add component (AddParameter): Name = "Min Supply Voltage"; Value = "1.4V"; VariantName = "[No Variations]"
Add component (AddParameter): Name = "Mouser Description"; Value = "LDO Voltage Regulators Capacitr-Free 300-mA 5-SOT-23 -40 to 125"; VariantName = "[No Variations]"
Add component (AddParameter): Name = "Nominal Supply Current"; Value = "34uA"; VariantName = "[No Variations]"
Add component (AddParameter): Name = "Number Of Outputs"; Value = "1"; VariantName = "[No Variations]"
Add component (AddParameter): Name = "Octopart"; Value = "https://octopart.com/tlv73333pdbvr-texas+instruments-51080890"; VariantName = "[No Variations]"
Add component (AddParameter): Name = "Output Current"; Value = "300mA"; VariantName = "[No Variations]"
Add component (AddParameter): Name = "Output Type"; Value = "Fixed"; VariantName = "[No Variations]"
Add component (AddParameter): Name = "Output Voltage"; Value = "3.3V"; VariantName = "[No Variations]"
Add component (AddParameter): Name = "Package"; Value = "DBV0005A"; VariantName = "[No Variations]"
Add component (AddParameter): Name = "RoHS"; Value = "TRUE"; VariantName = "[No Variations]"
Add component (AddParameter): Name = "Standoff Height"; Value = "0mm"; VariantName = "[No Variations]"
Add component (AddParameter): Name = "Temperature"; Value = "-40°C to +125°C"; VariantName = "[No Variations]"
Add component (AddParameter): Name = "Temperature Range High"; Value = "+125°C"; VariantName = "[No Variations]"
Add component (AddParameter): Name = "Temperature Range Low"; Value = "-40°C"; VariantName = "[No Variations]"
Added Pin To Net: NetName=GND Pin=C?-1
Added Pin To Net: NetName=GND Pin=CJ_?-1
Added Pin To Net: NetName=GND Pin=CJ_?-1
Added Pin To Net: NetName=5V Pin=CJ_?-2
Added Pin To Net: NetName=VBUS Pin=CJ_?-2
Add Pin To Net: Unknown Pin: Pin FLASH_MEM_1-1
Add Pin To Net: Unknown Pin: Pin FLASH_MEM_1-2
Add Pin To Net: Unknown Pin: Pin FLASH_MEM_1-3
Add Pin To Net: Unknown Pin: Pin FLASH_MEM_1-4
Add Pin To Net: Unknown Pin: Pin FLASH_MEM_1-5
Add Pin To Net: Unknown Pin: Pin FLASH_MEM_1-6
Add Pin To Net: Unknown Pin: Pin FLASH_MEM_1-7
Add Pin To Net: Unknown Pin: Pin FLASH_MEM_1-8
Add Pin To Net: Unknown Pin: Pin FLASH_MEM_1-9
Add Pin To Net: Unknown Pin: Pin J2-A30
Add Pin To Net: Unknown Pin: Pin J2-A32
Add Pin To Net: Unknown Pin: Pin J2-B30
Add Pin To Net: Unknown Pin: Pin J2-B32
Add Pin To Net: Unknown Pin: Pin J3-5
Add Pin To Net: Unknown Pin: Pin J3-7
Add Pin To Net: Unknown Pin: Pin J3-11
Added Pin To Net: NetName=VBUS Pin=L3-1
Added Pin To Net: NetName=5V Pin=L3-2
Added Pin To Net: NetName=TCK/SCK Pin=P?-1
Added Pin To Net: NetName=TDO Pin=P?-3
Added Pin To Net: NetName=TMS Pin=P?-5
Added Pin To Net: NetName=Floating Pin=P?-6
Added Pin To Net: NetName=Floating Pin=P?-7
Added Pin To Net: NetName=Floating Pin=P?-8
Added Pin To Net: NetName=TDI Pin=P?-9
Added Pin To Net: NetName=Data Bit 14 Pin=R35-1
Added Pin To Net: NetName=Data Bit 14 Term Pin=R35-2
Added Pin To Net: NetName=CC1 Pin=R?-1
Added Pin To Net: NetName=CC2 Pin=R?-1
Added Pin To Net: NetName=GND Pin=R?-2
Added Pin To Net: NetName=GND Pin=R?-2
Added Pin To Net: NetName=5V Pin=U?-1
Added Pin To Net: NetName=GND Pin=U?-2
Added Pin To Net: NetName=VCC Pin=U?-5
Added Net: Name=+3V3
Add Net: Net with name "3.3V" already exists
Add Net: Net with name "3.3V" already exists
Add Net: Net with name "3.3V" already exists
Added Pin To Net: NetName=Addr BIt 0 Term Pin=U7-7
Added Net: Name=Addr BIt 0 Term
Added Net: Name=DEBUG_SWCLK
Added Net: Name=DEBUG_SWDIO
Added Net: Name=DEBUG_SWO
Added Pin To Net: NetName=EN Pin=C?-2
Added Pin To Net: NetName=EN Pin=R?-1
Added Pin To Net: NetName=EN Pin=U?-3
Added Net: Name=EN
Add Net: Net with name "FPGA_CLK" already exists
Add Net: Net with name "FPGA_DO" already exists
Add Net: Net with name "GND" already exists
Added Net: Name=NRST
Added Net: Name=USART1_RX
Added Net: Name=USART1_TX
Change Class Name : Old Net Name=USB_PHY New Net Name=FPGA3
Added Member To Class: ClassName=MCU Member=Component C? C1608X5R1H105K080AB
Added Member To Class: ClassName=FPGA3 Member=Component C? C0603C105K9PACTU
Added Member To Class: ClassName=FPGA3 Member=Component C? GCG188R91H104MA01D
Added Member To Class: ClassName=FPGA3 Member=Component C? GCG188R91H104MA01D
Added Member To Class: ClassName=FPGA3 Member=Component C? GCG188R91H104MA01D
Added Member To Class: ClassName=FPGA3 Member=Component C? C0603S102K4RACTU
Added Member To Class: ClassName=FPGA3 Member=Component C? C0805S472K5RACTU
Added Member To Class: ClassName=FPGA3 Member=Component C? GCG188R91H104MA01D
Added Member To Class: ClassName=FPGA3 Member=Component C? C0603C105K9PACTU
Added Member To Class: ClassName=FPGA3 Member=Component C? C0805S472K5RACTU
Added Member To Class: ClassName=FPGA3 Member=Component C? C0603S102K4RACTU
Added Member To Class: ClassName=FPGA3 Member=Component C? C0603S102K4RACTU
Added Member To Class: ClassName=FPGA3 Member=Component C? GCG188R91H104MA01D
Added Member To Class: ClassName=MCU Member=Component CJ_? 100nF
Added Member To Class: ClassName=MCU Member=Component CJ_? 100nF
Add Class Member: Failed to add class member : Component FLASH_MEM_1 W25N01GVZEIGTR
Added Member To Class: ClassName=MCU Member=Component J1 USB4085-GF-A
Add Class Member: Failed to add class member : Component J2 PCIe-X4
Add Class Member: Failed to add class member : Component J3 FTSH-107-01-F-DV-K-P-TR
Added Member To Class: ClassName=MCU Member=Component L3 120 R
Added Member To Class: ClassName=Connectors Member=Component P? 61201021621
Added Member To Class: ClassName=MCU Member=Component R? RC0603FR-0710KL
Added Member To Class: ClassName=MCU Member=Component R? MCRE000157
Added Member To Class: ClassName=MCU Member=Component R? MCRE000157
Added Member To Class: ClassName=Memory Member=Component R_? RT0402BRE0710KL
Added Member To Class: ClassName=Memory Member=Component R_? RT0402BRE0710KL
Added Member To Class: ClassName=MCU Member=Component U? TLV73333PDBVR
Added Rule: Name=Schematic Supply Nets_7
