Removed Pin From Net: NetName=FPGA DI Pin=IC1-2
Removed Pin From Net: NetName=VCC Pin=P1-4
Removed Pin From Net: NetName=FB_Voltage_1.25 Pin=R1-2
Removed Pin From Net: NetName=FB_Voltage_1.25 Pin=R2-1
Added Component: Designator=R100(FP-CRCW0402-e3-IPC_C)
Add component (AddParameter): Name = "Case/Package"; Value = "0402"; VariantName = "[No Variations]"
Add component (AddParameter): Name = "Composition"; Value = "Thick Film"; VariantName = "[No Variations]"
Add component (AddParameter): Name = "Features"; Value = "Automotive AEC-Q200"; VariantName = "[No Variations]"
Add component (AddParameter): Name = "Height"; Value = "0.016inch"; VariantName = "[No Variations]"
Add component (AddParameter): Name = "Lead Free"; Value = "Lead Free"; VariantName = "[No Variations]"
Add component (AddParameter): Name = "Length"; Value = "0.039inch"; VariantName = "[No Variations]"
Add component (AddParameter): Name = "Max Operating Temperature"; Value = "155°C"; VariantName = "[No Variations]"
Add component (AddParameter): Name = "Max Power Dissipation"; Value = "63mW"; VariantName = "[No Variations]"
Add component (AddParameter): Name = "Min Operating Temperature"; Value = "-55°C"; VariantName = "[No Variations]"
Add component (AddParameter): Name = "Number of Terminations"; Value = "2"; VariantName = "[No Variations]"
Add component (AddParameter): Name = "Package Quantity"; Value = "50000"; VariantName = "[No Variations]"
Add component (AddParameter): Name = "Packaging"; Value = "Tape and Reel"; VariantName = "[No Variations]"
Add component (AddParameter): Name = "Resistance"; Value = "22R"; VariantName = "[No Variations]"
Add component (AddParameter): Name = "Temperature Coefficient"; Value = "100ppm/°C"; VariantName = "[No Variations]"
Add component (AddParameter): Name = "Tolerance"; Value = "1%"; VariantName = "[No Variations]"
Add component (AddParameter): Name = "Width"; Value = "0.02inch"; VariantName = "[No Variations]"
Added Component: Designator=R101(FP-TFCR0402-IPC_A)
Added Component: Designator=R102(FP-TFCR0402-IPC_A)
Added Component: Designator=R103(FP-TFCR0402-IPC_A)
Added Pin To Net: NetName=2.5V Pin=P1-4
Added Pin To Net: NetName=FPGA DI Pin=R100-1
Added Pin To Net: NetName=2.5V Pin=R101-1
Added Pin To Net: NetName=JTAG TMS Pin=R101-2
Added Pin To Net: NetName=2.5V Pin=R102-1
Added Pin To Net: NetName=JTAG TDI Pin=R102-2
Added Pin To Net: NetName=GND Pin=R103-1
Added Pin To Net: NetName=JTAG TCK Pin=R103-2
Change Net Name : Old Net Name=EN_1.25V New Net Name=EN_1.2V
Added Pin To Net: NetName=FB_Voltage_1.2 Pin=R1-2
Added Pin To Net: NetName=FB_Voltage_1.2 Pin=R2-1
Added Net: Name=FB_Voltage_1.2
Added Pin To Net: NetName=NetIC1_2 Pin=IC1-2
Added Pin To Net: NetName=NetIC1_2 Pin=R100-2
Added Net: Name=NetIC1_2
Added Member To Class: ClassName=FPGA2 Member=Component R27 RT0402BRE0750RL
Added Member To Class: ClassName=FPGA3 Member=Component R34 RT0402BRE0750RL
Added Member To Class: ClassName=Memory Member=Component R100 CRCW040222R0FKEE
Added Member To Class: ClassName=Connectors Member=Component R101 TFCR0402-16W-C-1001BT
Added Member To Class: ClassName=Connectors Member=Component R102 TFCR0402-16W-C-1001BT
Added Member To Class: ClassName=Connectors Member=Component R103 TFCR0402-16W-C-1001BT
