Removed Pin From Net: NetName=SW_IN2 Pin=U7-103
Removed Pin From Net: NetName=SW_IN1 Pin=U7-104
Removed Pin From Net: NetName=SW_IN4 Pin=U7-105
Removed Pin From Net: NetName=SW_IN3 Pin=U7-106
Add component: Footprint Not Found BUS_PCIexpress_x4
Add component: Footprint Not Found SW_TL3365AF180QG
Add Pin To Net: Unknown Pin: Pin J2-A30
Add Pin To Net: Unknown Pin: Pin J2-A32
Add Pin To Net: Unknown Pin: Pin J2-B30
Add Pin To Net: Unknown Pin: Pin J2-B32
Add Pin To Net: Unknown Pin: Pin S1-1
Add Pin To Net: Unknown Pin: Pin S1-2
Add Pin To Net: Unknown Pin: Pin S1-3
Add Pin To Net: Unknown Pin: Pin S1-4
Added Pin To Net: NetName=SW_IN1 Pin=U7-103
Added Pin To Net: NetName=SW_IN2 Pin=U7-104
Added Pin To Net: NetName=SW_IN3 Pin=U7-105
Added Pin To Net: NetName=SW_IN4 Pin=U7-106
Add Net: Net with name "Data Bit 8 Term" already exists
Add Net: Net with name "GND" already exists
Add Class Member: Failed to add class member : Component J2 PCIe-X4
Add Class Member: Failed to add class member : Component S1 TL3365AF180QG
