Removed Pin From Net: NetName=3v3 Pin=U7-17
Removed Pin From Net: NetName=3v3 Pin=U7-26
Removed Pin From Net: NetName=3v3 Pin=U7-40
Removed Pin From Net: NetName=3v3 Pin=U7-47
Removed Pin From Net: NetName=3v3 Pin=U7-56
Removed Pin From Net: NetName=3v3 Pin=U7-62
Removed Pin From Net: NetName=SW_IN2 Pin=U7-76
Removed Pin From Net: NetName=SW_IN1 Pin=U7-77
Removed Pin From Net: NetName=3v3 Pin=U7-81
Removed Pin From Net: NetName=3v3 Pin=U7-93
Removed Pin From Net: NetName=3v3 Pin=U7-117
Removed Pin From Net: NetName=3v3 Pin=U7-122
Removed Pin From Net: NetName=3v3 Pin=U7-130
Removed Pin From Net: NetName=3v3 Pin=U7-139
Add component: Footprint Not Found BUS_PCIexpress_x4
Add component: Footprint Not Found SW_TL3365AF180QG
Add Pin To Net: Unknown Pin: Pin J2-A30
Add Pin To Net: Unknown Pin: Pin J2-A32
Add Pin To Net: Unknown Pin: Pin J2-B30
Add Pin To Net: Unknown Pin: Pin J2-B32
Add Pin To Net: Unknown Pin: Pin S1-1
Add Pin To Net: Unknown Pin: Pin S1-2
Add Pin To Net: Unknown Pin: Pin S1-3
Add Pin To Net: Unknown Pin: Pin S1-4
Added Pin To Net: NetName=VCC Pin=U7-17
Added Pin To Net: NetName=VCC Pin=U7-26
Added Pin To Net: NetName=GND Pin=U7-36
Added Pin To Net: NetName=VCC Pin=U7-40
Added Pin To Net: NetName=VCC Pin=U7-47
Added Pin To Net: NetName=VCC Pin=U7-56
Added Pin To Net: NetName=VCC Pin=U7-62
Added Pin To Net: NetName=VCC Pin=U7-81
Added Pin To Net: NetName=VCC Pin=U7-93
Added Pin To Net: NetName=SW_IN2 Pin=U7-103
Added Pin To Net: NetName=SW_IN1 Pin=U7-104
Added Pin To Net: NetName=GND Pin=U7-108
Added Pin To Net: NetName=VCC Pin=U7-117
Added Pin To Net: NetName=VCC Pin=U7-122
Added Pin To Net: NetName=VCC Pin=U7-130
Added Pin To Net: NetName=VCC Pin=U7-139
Add Net: Net with name "GND" already exists
Add Class Member: Failed to add class member : Component J2 PCIe-X4
Add Class Member: Failed to add class member : Component S1 TL3365AF180QG
