Removed Pin From Net: NetName=50MHZ_CLK Pin=U7-23
Add component: Footprint Not Found BUS_PCIexpress_x4
Add component: Footprint Not Found SW_TL3365AF180QG
Add Pin To Net: Unknown Pin: Pin J2-A30
Add Pin To Net: Unknown Pin: Pin J2-A32
Add Pin To Net: Unknown Pin: Pin J2-B30
Add Pin To Net: Unknown Pin: Pin J2-B32
Add Pin To Net: Unknown Pin: Pin S1-1
Add Pin To Net: Unknown Pin: Pin S1-2
Add Pin To Net: Unknown Pin: Pin S1-3
Add Pin To Net: Unknown Pin: Pin S1-4
Added Pin To Net: NetName=GND Pin=U7-23
Added Pin To Net: NetName=50MHZ_CLK Pin=U7-24
Added Pin To Net: NetName=GND Pin=U7-25
Change Net Name : Old Net Name=Data New Net Name=Data  
Added Pin To Net: NetName=25MHz CLK Pin=R73-2
Added Pin To Net: NetName=25MHz CLK Pin=U7-91
Added Net: Name=25MHz CLK
Add Net: Net with name "GND" already exists
Add Class Member: Failed to add class member : Component J2 PCIe-X4
Add Class Member: Failed to add class member : Component S1 TL3365AF180QG
