Removed Pin From Net: NetName=3v3 Pin=R1_1-1
Removed Pin From Net: NetName=3v3 Pin=R3_1-1
Removed Pin From Net: NetName=3v3 Pin=R4_1-1
Removed Pin From Net: NetName=3v3 Pin=R6_1-1
Removed Pin From Net: NetName=3v3 Pin=R7_1-1
Removed Pin From Net: NetName=3v3 Pin=R8_1-1
Removed Pin From Net: NetName=3v3 Pin=R9_1-1
Removed Pin From Net: NetName=3v3 Pin=R70-2
Removed Pin From Net: NetName=3v3 Pin=R71-2
Removed Pin From Net: NetName=3v3 Pin=R74-1
Removed Pin From Net: NetName=3v3 Pin=R75-1
Removed Pin From Net: NetName=3v3 Pin=R76-1
Removed Pin From Net: NetName=3v3 Pin=SW1-1
Removed Pin From Net: NetName=3v3 Pin=SW2-1
Removed Pin From Net: NetName=3v3 Pin=SW3-1
Removed Pin From Net: NetName=3v3 Pin=SW4-1
Removed Pin From Net: NetName=3v3 Pin=U7-94
Removed Pin From Net: NetName=3v3 Pin=Y1-4
Removed Pin From Net: NetName=3v3 Pin=Y2-4
Add component: Footprint Not Found BUS_PCIexpress_x4
Add component: Footprint Not Found SW_TL3365AF180QG
Add Pin To Net: Unknown Pin: Pin J2-A30
Add Pin To Net: Unknown Pin: Pin J2-A32
Add Pin To Net: Unknown Pin: Pin J2-B30
Add Pin To Net: Unknown Pin: Pin J2-B32
Added Pin To Net: NetName=VCC Pin=R1_1-1
Added Pin To Net: NetName=VCC Pin=R2_1-1
Added Pin To Net: NetName=VCC Pin=R3_1-1
Added Pin To Net: NetName=VCC Pin=R4_1-1
Added Pin To Net: NetName=VCC Pin=R5_1-1
Added Pin To Net: NetName=VCC Pin=R6_1-1
Added Pin To Net: NetName=VCC Pin=R7_1-1
Added Pin To Net: NetName=VCC Pin=R8_1-1
Added Pin To Net: NetName=VCC Pin=R9_1-1
Added Pin To Net: NetName=VCC Pin=R70-2
Added Pin To Net: NetName=VCC Pin=R71-2
Added Pin To Net: NetName=VCC Pin=R74-1
Added Pin To Net: NetName=VCC Pin=R75-1
Added Pin To Net: NetName=VCC Pin=R76-1
Add Pin To Net: Unknown Pin: Pin S1-1
Add Pin To Net: Unknown Pin: Pin S1-2
Add Pin To Net: Unknown Pin: Pin S1-3
Add Pin To Net: Unknown Pin: Pin S1-4
Added Pin To Net: NetName=VCC Pin=SW1-1
Added Pin To Net: NetName=VCC Pin=SW2-1
Added Pin To Net: NetName=VCC Pin=SW3-1
Added Pin To Net: NetName=VCC Pin=SW4-1
Added Pin To Net: NetName=VCC Pin=U7-94
Added Pin To Net: NetName=VCC Pin=Y1-4
Added Pin To Net: NetName=VCC Pin=Y2-4
Add Net: Net with name "GND" already exists
Add Class Member: Failed to add class member : Component J2 PCIe-X4
Add Class Member: Failed to add class member : Component S1 TL3365AF180QG
