Change Footprint: Footprint Not Found RESC1608X55N
Change Footprint: Footprint Not Found RESC1608X55N
Add component: Footprint Not Found SON127P800X600X80-9N-D
Add component: Footprint Not Found BUS_PCIexpress_x4
Add Pin To Net: Unknown Pin: Pin FLASH_MEM_1-1
Add Pin To Net: Unknown Pin: Pin FLASH_MEM_1-2
Add Pin To Net: Unknown Pin: Pin FLASH_MEM_1-3
Add Pin To Net: Unknown Pin: Pin FLASH_MEM_1-4
Add Pin To Net: Unknown Pin: Pin FLASH_MEM_1-5
Add Pin To Net: Unknown Pin: Pin FLASH_MEM_1-6
Add Pin To Net: Unknown Pin: Pin FLASH_MEM_1-7
Add Pin To Net: Unknown Pin: Pin FLASH_MEM_1-8
Add Pin To Net: Unknown Pin: Pin FLASH_MEM_1-9
Add Pin To Net: Unknown Pin: Pin J2-A30
Add Pin To Net: Unknown Pin: Pin J2-A32
Add Pin To Net: Unknown Pin: Pin J2-B30
Add Pin To Net: Unknown Pin: Pin J2-B32
Add Net: Net with name "3.3V" already exists
Add Net: Net with name "3.3V" already exists
Add Net: Net with name "3.3V" already exists
Add Net: Net with name "FPGA_CLK" already exists
Add Net: Net with name "FPGA_DO" already exists
Add Net: Net with name "GND" already exists
Added Member To Class: ClassName=FPGA3 Member=Component C? GCG188R91H104MA01D
Added Member To Class: ClassName=FPGA3 Member=Component C? C0603S102K4RACTU
Added Member To Class: ClassName=FPGA3 Member=Component C? C0603S102K4RACTU
Added Member To Class: ClassName=FPGA3 Member=Component C? GCG188R91H104MA01D
Added Member To Class: ClassName=FPGA3 Member=Component C? C0603S102K4RACTU
Added Member To Class: ClassName=FPGA3 Member=Component C? C0805S472K5RACTU
Added Member To Class: ClassName=FPGA3 Member=Component C? C0805S472K5RACTU
Added Member To Class: ClassName=FPGA3 Member=Component C? C0603C105K9PACTU
Added Member To Class: ClassName=FPGA3 Member=Component C? C0603C105K9PACTU
Added Member To Class: ClassName=FPGA3 Member=Component C? GCG188R91H104MA01D
Added Member To Class: ClassName=FPGA3 Member=Component C? GCG188R91H104MA01D
Added Member To Class: ClassName=FPGA3 Member=Component C? GCG188R91H104MA01D
Add Class Member: Failed to add class member : Component FLASH_MEM_1 W25N01GVZEIGTR
Add Class Member: Failed to add class member : Component J2 PCIe-X4
