Removed Pin From Net: NetName=Data Bit 8 Term Pin=U7-49
Removed Pin From Net: NetName=Addr Bit 9 Term Pin=U7-55
Removed Member From Class: ClassName=FPGA2 Member=R29
Removed Member From Class: ClassName=FPGA2 Member=R47
Add component: Footprint Not Found BUS_PCIexpress_x4
Add component: Footprint Not Found SW_TL3365AF180QG
Add Pin To Net: Unknown Pin: Pin J2-A30
Add Pin To Net: Unknown Pin: Pin J2-A32
Add Pin To Net: Unknown Pin: Pin J2-B30
Add Pin To Net: Unknown Pin: Pin J2-B32
Add Pin To Net: Unknown Pin: Pin S1-1
Add Pin To Net: Unknown Pin: Pin S1-2
Add Pin To Net: Unknown Pin: Pin S1-3
Add Pin To Net: Unknown Pin: Pin S1-4
Added Pin To Net: NetName=Addr Bit 9 Term Pin=U7-129
Added Pin To Net: NetName=Data Bit 8 Term Pin=U7-141
Add Net: Net with name "Data Bit 8 Term" already exists
Add Net: Net with name "GND" already exists
Add Class Member: Failed to add class member : Component J2 PCIe-X4
Added Member To Class: ClassName=FPGA3 Member=Component R29 RT0402BRE0750RL
Added Member To Class: ClassName=FPGA3 Member=Component R47 RT0402BRE0750RL
Add Class Member: Failed to add class member : Component S1 TL3365AF180QG
