Removed Pin From Net: NetName=Data Bit 2 Term Pin=U7-10
Removed Pin From Net: NetName=Data Bit 1 Term Pin=U7-11
Removed Pin From Net: NetName=Data Bit 3 Term Pin=U7-28
Removed Pin From Net: NetName=Data Bit 11 Term Pin=U7-38
Removed Pin From Net: NetName=Data Bit 10 Term Pin=U7-39
Removed Pin From Net: NetName=Data Bit 0 Term Pin=U7-42
Removed Pin From Net: NetName=Data Bit 9 Term Pin=U7-46
Add component: Footprint Not Found BUS_PCIexpress_x4
Add component: Footprint Not Found SW_TL3365AF180QG
Add Pin To Net: Unknown Pin: Pin J2-A30
Add Pin To Net: Unknown Pin: Pin J2-A32
Add Pin To Net: Unknown Pin: Pin J2-B30
Add Pin To Net: Unknown Pin: Pin J2-B32
Add Pin To Net: Unknown Pin: Pin S1-1
Add Pin To Net: Unknown Pin: Pin S1-2
Add Pin To Net: Unknown Pin: Pin S1-3
Add Pin To Net: Unknown Pin: Pin S1-4
Added Pin To Net: NetName=Data Bit 10 Term Pin=U7-10
Added Pin To Net: NetName=Data Bit 11 Term Pin=U7-28
Added Pin To Net: NetName=Data Bit 3 Term Pin=U7-38
Added Pin To Net: NetName=Data Bit 2 Term Pin=U7-39
Added Pin To Net: NetName=Data Bit 9 Term Pin=U7-42
Added Pin To Net: NetName=Data Bit 1 Term Pin=U7-44
Added Pin To Net: NetName=Data Bit 0 Term Pin=U7-46
Add Net: Net with name "GND" already exists
Add Class Member: Failed to add class member : Component J2 PCIe-X4
Add Class Member: Failed to add class member : Component S1 TL3365AF180QG
