Change Component Designator: OldDesignator=C? NewDesignator=C23
Added Component: Designator=C24(CAPC1608X90X35LL15T15)
Add component (AddParameter): Name = "Manufacturer"; Value = "Kemet"; VariantName = "[No Variations]"
Add component (AddParameter): Name = "Part Number"; Value = "C0603C105K9PACTU"; VariantName = "[No Variations]"
Added Component: Designator=C25(CAPC1608X90X35LL15T15)
Add component (AddParameter): Name = "Manufacturer"; Value = "Kemet"; VariantName = "[No Variations]"
Add component (AddParameter): Name = "Part Number"; Value = "C0603C105K9PACTU"; VariantName = "[No Variations]"
Added Component: Designator=C34(CAPC1608X90X35LL15T15)
Add component (AddParameter): Name = "Manufacturer"; Value = "Kemet"; VariantName = "[No Variations]"
Add component (AddParameter): Name = "Part Number"; Value = "C0603C105K9PACTU"; VariantName = "[No Variations]"
Added Component: Designator=C35(FP-GCG188-0_2-IPC_B)
Added Pin To Net: NetName=VCC Pin=C23-1
Added Pin To Net: NetName=GND Pin=C23-2
Added Pin To Net: NetName=GND Pin=C24-1
Added Pin To Net: NetName=VCC Pin=C24-2
Added Pin To Net: NetName=GND Pin=C25-1
Added Pin To Net: NetName=3v3 Pin=C25-2
Added Pin To Net: NetName=GND Pin=C34-1
Added Pin To Net: NetName=5V Pin=C34-2
Added Pin To Net: NetName=NRST Pin=C35-1
Added Pin To Net: NetName=GND Pin=C35-2
Added Member To Class: ClassName=Memory Member=Component C24 C0603C105K9PACTU
Added Member To Class: ClassName=USB Connector Member=Component C25 C0603C105K9PACTU
Added Member To Class: ClassName=USB Connector Member=Component C34 C0603C105K9PACTU
Added Member To Class: ClassName=USB Connector Member=Component C35 GCG188R91H104MA01D
