Removed Pin From Net: NetName=2.5V Pin=U7-35
Removed Pin From Net: NetName=1.2V Pin=U7-109
Add component: Footprint Not Found BUS_PCIexpress_x4
Add component: Footprint Not Found SW_TL3365AF180QG
Added Pin To Net: NetName=1.2V Pin=D1-1
Added Pin To Net: NetName=2.5V Pin=D2-3
Added Pin To Net: NetName=1.2V Pin=D3-2
Added Pin To Net: NetName=2.5V Pin=D4-2
Add Pin To Net: Unknown Pin: Pin J2-A30
Add Pin To Net: Unknown Pin: Pin J2-A32
Add Pin To Net: Unknown Pin: Pin J2-B30
Add Pin To Net: Unknown Pin: Pin J2-B32
Added Pin To Net: NetName=1.2V Pin=MOSFET1-2
Added Pin To Net: NetName=2.5V Pin=MOSFET2-2
Add Pin To Net: Unknown Pin: Pin S1-1
Add Pin To Net: Unknown Pin: Pin S1-2
Add Pin To Net: Unknown Pin: Pin S1-3
Add Pin To Net: Unknown Pin: Pin S1-4
Added Pin To Net: NetName=1.2V Pin=U7-35
Added Pin To Net: NetName=2.5V Pin=U7-109
Add Net: Net with name "GND" already exists
Add Class Member: Failed to add class member : Component J2 PCIe-X4
Add Class Member: Failed to add class member : Component S1 TL3365AF180QG
Added Rule: Name=Schematic Supply Nets_1
Added Rule: Name=Schematic Supply Nets_3
