Removed Pin From Net: NetName=IO7 Pin=U7-1
Removed Pin From Net: NetName=IO6 Pin=U7-2
Removed Pin From Net: NetName=IO5 Pin=U7-3
Removed Pin From Net: NetName=Data Bit 6 Term Pin=U7-51
Removed Pin From Net: NetName=Data Bit 5 Term Pin=U7-52
Removed Pin From Net: NetName=Data Bit 4 Term Pin=U7-53
Add component: Footprint Not Found BUS_PCIexpress_x4
Add component: Footprint Not Found SW_TL3365AF180QG
Add Pin To Net: Unknown Pin: Pin J2-A30
Add Pin To Net: Unknown Pin: Pin J2-A32
Add Pin To Net: Unknown Pin: Pin J2-B30
Add Pin To Net: Unknown Pin: Pin J2-B32
Add Pin To Net: Unknown Pin: Pin S1-1
Add Pin To Net: Unknown Pin: Pin S1-2
Add Pin To Net: Unknown Pin: Pin S1-3
Add Pin To Net: Unknown Pin: Pin S1-4
Added Pin To Net: NetName=Data Bit 6 Term Pin=U7-1
Added Pin To Net: NetName=Data Bit 5 Term Pin=U7-2
Added Pin To Net: NetName=Data Bit 4 Term Pin=U7-3
Added Pin To Net: NetName=IO7 Pin=U7-51
Added Pin To Net: NetName=IO6 Pin=U7-52
Added Pin To Net: NetName=IO5 Pin=U7-53
Add Net: Net with name "GND" already exists
Add Class Member: Failed to add class member : Component J2 PCIe-X4
Add Class Member: Failed to add class member : Component S1 TL3365AF180QG
