Removed Member From Class: ClassName=MCU Member=C12
Change Footprint: Footprint Not Found FTSH-107-XX-YYY-DV-K-P-TR
Change Component Designator: OldDesignator=C? NewDesignator=C15
Change Component Designator: OldDesignator=C? NewDesignator=C16
Change Component Designator: OldDesignator=C? NewDesignator=C17
Change Component Designator: OldDesignator=C? NewDesignator=C18
Added Component: Designator=C19(CAPC1608X90X35LL15T15)
Add component (AddParameter): Name = "Manufacturer"; Value = "Kemet"; VariantName = "[No Variations]"
Add component (AddParameter): Name = "Part Number"; Value = "C0603C105K9PACTU"; VariantName = "[No Variations]"
Added Component: Designator=C20(CAPC1608X90X35LL15T15)
Add component (AddParameter): Name = "Manufacturer"; Value = "Kemet"; VariantName = "[No Variations]"
Add component (AddParameter): Name = "Part Number"; Value = "C0603C105K9PACTU"; VariantName = "[No Variations]"
Added Component: Designator=C21(FP-GCG188-0_2-IPC_B)
Added Component: Designator=C22(CAPC2013X145X50ML20T25)
Add component (AddParameter): Name = "Manufacturer"; Value = "Kemet"; VariantName = "[No Variations]"
Add component (AddParameter): Name = "Part Number"; Value = "C0805S472K5RACTU"; VariantName = "[No Variations]"
Add component: Footprint Not Found SON127P800X600X80-9N-D
Add component: Footprint Not Found BUS_PCIexpress_x4
Add component: Footprint Not Found SW_TL3365AF180QG
Added Component: Designator=Y2(FP-ASEMB-MFG)
Add component (AddParameter): Name = "Case/Package"; Value = "SMD/SMT"; VariantName = "[No Variations]"
Add component (AddParameter): Name = "Frequency"; Value = "50MHz"; VariantName = "[No Variations]"
Add component (AddParameter): Name = "Frequency Stability"; Value = "50ppm"; VariantName = "[No Variations]"
Add component (AddParameter): Name = "Height"; Value = "0.035inch"; VariantName = "[No Variations]"
Add component (AddParameter): Name = "Lead Free"; Value = "Lead Free"; VariantName = "[No Variations]"
Add component (AddParameter): Name = "Length"; Value = "0.126inch"; VariantName = "[No Variations]"
Add component (AddParameter): Name = "Load Capacitance"; Value = "15pF"; VariantName = "[No Variations]"
Add component (AddParameter): Name = "Max Operating Temperature"; Value = "85°C"; VariantName = "[No Variations]"
Add component (AddParameter): Name = "Max Supply Current"; Value = "16mA"; VariantName = "[No Variations]"
Add component (AddParameter): Name = "Max Supply Voltage"; Value = "4V"; VariantName = "[No Variations]"
Add component (AddParameter): Name = "Min Operating Temperature"; Value = "-40°C"; VariantName = "[No Variations]"
Add component (AddParameter): Name = "Min Supply Voltage"; Value = "-300mV"; VariantName = "[No Variations]"
Add component (AddParameter): Name = "Mount"; Value = "Surface Mount"; VariantName = "[No Variations]"
Add component (AddParameter): Name = "Number of Pins"; Value = "4"; VariantName = "[No Variations]"
Add component (AddParameter): Name = "Operating Supply Voltage"; Value = "3.3V"; VariantName = "[No Variations]"
Add component (AddParameter): Name = "Packaging"; Value = "Tape and Reel"; VariantName = "[No Variations]"
Add component (AddParameter): Name = "REACH SVHC"; Value = "No SVHC"; VariantName = "[No Variations]"
Add component (AddParameter): Name = "Series"; Value = "Pure Silicon™ ASEMB"; VariantName = "[No Variations]"
Add component (AddParameter): Name = "Termination"; Value = "SMD/SMT"; VariantName = "[No Variations]"
Add component (AddParameter): Name = "Width"; Value = "0.098inch"; VariantName = "[No Variations]"
Added Pin To Net: NetName=GND Pin=C16-1
Added Pin To Net: NetName=3v3 Pin=C16-2
Added Pin To Net: NetName=GND Pin=C17-1
Added Pin To Net: NetName=3v3 Pin=C17-2
Added Pin To Net: NetName=3v3 Pin=C18-1
Added Pin To Net: NetName=GND Pin=C18-2
Added Pin To Net: NetName=GND Pin=C19-1
Added Pin To Net: NetName=1.2V Pin=C19-2
Added Pin To Net: NetName=GND Pin=C20-1
Added Pin To Net: NetName=1.2V Pin=C20-2
Added Pin To Net: NetName=1.2V Pin=C21-1
Added Pin To Net: NetName=GND Pin=C21-2
Added Pin To Net: NetName=GND Pin=C22-1
Added Pin To Net: NetName=1.2V Pin=C22-2
Add Pin To Net: Unknown Pin: Pin FLASH_MEM_1-1
Add Pin To Net: Unknown Pin: Pin FLASH_MEM_1-2
Add Pin To Net: Unknown Pin: Pin FLASH_MEM_1-3
Add Pin To Net: Unknown Pin: Pin FLASH_MEM_1-4
Add Pin To Net: Unknown Pin: Pin FLASH_MEM_1-5
Add Pin To Net: Unknown Pin: Pin FLASH_MEM_1-6
Add Pin To Net: Unknown Pin: Pin FLASH_MEM_1-7
Add Pin To Net: Unknown Pin: Pin FLASH_MEM_1-8
Add Pin To Net: Unknown Pin: Pin FLASH_MEM_1-9
Add Pin To Net: Unknown Pin: Pin J2-A30
Add Pin To Net: Unknown Pin: Pin J2-A32
Add Pin To Net: Unknown Pin: Pin J2-B30
Add Pin To Net: Unknown Pin: Pin J2-B32
Add Pin To Net: Unknown Pin: Pin J3-3
Add Pin To Net: Unknown Pin: Pin J3-4
Add Pin To Net: Unknown Pin: Pin J3-5
Add Pin To Net: Unknown Pin: Pin J3-6
Add Pin To Net: Unknown Pin: Pin J3-7
Add Pin To Net: Unknown Pin: Pin J3-8
Add Pin To Net: Unknown Pin: Pin S1-1
Add Pin To Net: Unknown Pin: Pin S1-2
Add Pin To Net: Unknown Pin: Pin S1-3
Add Pin To Net: Unknown Pin: Pin S1-4
Added Pin To Net: NetName=GND Pin=Y2-2
Added Pin To Net: NetName=3v3 Pin=Y2-4
Add Net: Net with name "FPGA_CLK" already exists
Add Net: Net with name "FPGA_DO" already exists
Add Net: Net with name "GND" already exists
Added Pin To Net: NetName=Stat LED1 Pin=U6-15
Added Net: Name=Stat LED1
Added Member To Class: ClassName=MCU Member=Component C15 C1608X5R1H105K080AB
Added Member To Class: ClassName=FPGA3 Member=Component C16 C0603S102K4RACTU
Added Member To Class: ClassName=FPGA3 Member=Component C17 C0805S472K5RACTU
Added Member To Class: ClassName=FPGA3 Member=Component C18 GCG188R91H104MA01D
Added Member To Class: ClassName=FPGA3 Member=Component C19 C0603C105K9PACTU
Added Member To Class: ClassName=FPGA3 Member=Component C20 C0603C105K9PACTU
Added Member To Class: ClassName=FPGA3 Member=Component C21 GCG188R91H104MA01D
Added Member To Class: ClassName=FPGA3 Member=Component C22 C0805S472K5RACTU
Add Class Member: Failed to add class member : Component FLASH_MEM_1 W25N01GVZEIGTR
Add Class Member: Failed to add class member : Component J2 PCIe-X4
Added Member To Class: ClassName=Memory Member=Component R_? RT0402BRE0710KL
Added Member To Class: ClassName=Memory Member=Component R_? RT0402BRE0710KL
Add Class Member: Failed to add class member : Component S1 TL3365AF180QG
Added Member To Class: ClassName=FPGA1 Member=Component Y2 ASEMB-50.000MHZ-LC-T
