Add component: Footprint Not Found SW_TL3365AF180QG
Added Pin To Net: NetName=GND Pin=J2-A4
Added Pin To Net: NetName=GND Pin=J2-A6
Added Pin To Net: NetName=GND Pin=J2-A8
Added Pin To Net: NetName=GND Pin=J2-A10
Added Pin To Net: NetName=GND Pin=J2-A12
Added Pin To Net: NetName=GND Pin=J2-A14
Added Pin To Net: NetName=GND Pin=J2-A16
Added Pin To Net: NetName=GND Pin=J2-A18
Added Pin To Net: NetName=GND Pin=J2-A20
Added Pin To Net: NetName=GND Pin=J2-A22
Added Pin To Net: NetName=GND Pin=J2-A24
Added Pin To Net: NetName=GND Pin=J2-A26
Added Pin To Net: NetName=VCC Pin=J2-A30
Added Pin To Net: NetName=VCC Pin=J2-A31
Added Pin To Net: NetName=VCC Pin=J2-A32
Added Pin To Net: NetName=GND Pin=J2-B4
Added Pin To Net: NetName=GND Pin=J2-B6
Added Pin To Net: NetName=GND Pin=J2-B8
Added Pin To Net: NetName=GND Pin=J2-B10
Added Pin To Net: NetName=GND Pin=J2-B12
Added Pin To Net: NetName=GND Pin=J2-B14
Added Pin To Net: NetName=GND Pin=J2-B16
Added Pin To Net: NetName=GND Pin=J2-B18
Added Pin To Net: NetName=GND Pin=J2-B20
Added Pin To Net: NetName=GND Pin=J2-B22
Added Pin To Net: NetName=GND Pin=J2-B24
Added Pin To Net: NetName=GND Pin=J2-B26
Added Pin To Net: NetName=VCC Pin=J2-B30
Added Pin To Net: NetName=VCC Pin=J2-B32
Added Pin To Net: NetName=GND Pin=P1-2
Added Pin To Net: NetName=GND Pin=P1-10
Add Pin To Net: Unknown Pin: Pin S1-1
Add Pin To Net: Unknown Pin: Pin S1-2
Add Pin To Net: Unknown Pin: Pin S1-3
Add Pin To Net: Unknown Pin: Pin S1-4
Added Pin To Net: NetName=CS_1 Pin=J2-A13
Added Pin To Net: NetName=CS_1 Pin=J2-B13
Added Net: Name=CS_1
Added Pin To Net: NetName=CS_2 Pin=J2-A17
Added Pin To Net: NetName=CS_2 Pin=J2-B17
Added Net: Name=CS_2
Added Pin To Net: NetName=CS_3 Pin=J2-A21
Added Pin To Net: NetName=CS_3 Pin=J2-B21
Added Net: Name=CS_3
Added Pin To Net: NetName=CS_4 Pin=J2-A25
Added Pin To Net: NetName=CS_4 Pin=J2-B25
Added Net: Name=CS_4
Added Pin To Net: NetName=HOT_PLUG Pin=J2-A1
Added Pin To Net: NetName=HOT_PLUG Pin=J2-B31
Added Net: Name=HOT_PLUG
Added Pin To Net: NetName=INT1 Pin=J2-A11
Added Pin To Net: NetName=INT1 Pin=J2-B11
Added Net: Name=INT1
Added Pin To Net: NetName=INT2 Pin=J2-A15
Added Pin To Net: NetName=INT2 Pin=J2-B15
Added Net: Name=INT2
Added Pin To Net: NetName=INT3 Pin=J2-A19
Added Pin To Net: NetName=INT3 Pin=J2-B19
Added Net: Name=INT3
Added Pin To Net: NetName=INT4 Pin=J2-A23
Added Pin To Net: NetName=INT4 Pin=J2-B23
Added Net: Name=INT4
Added Pin To Net: NetName=SPI_MISO Pin=J2-A9
Added Pin To Net: NetName=SPI_MISO Pin=J2-B9
Added Net: Name=SPI_MISO
Added Pin To Net: NetName=SPI_MOSI Pin=J2-A7
Added Pin To Net: NetName=SPI_MOSI Pin=J2-B7
Added Net: Name=SPI_MOSI
Added Pin To Net: NetName=SPI_SCK Pin=J2-A5
Added Pin To Net: NetName=SPI_SCK Pin=J2-B5
Added Net: Name=SPI_SCK
Added Pin To Net: NetName=WAKEUP Pin=J2-A3
Added Pin To Net: NetName=WAKEUP Pin=J2-B3
Added Net: Name=WAKEUP
Add Class Member: Failed to add class member : Component S1 TL3365AF180QG
