Removed Pin From Net: NetName=Data Bit 6 Term Pin=U7-1
Removed Pin From Net: NetName=Data Bit 5 Term Pin=U7-2
Removed Pin From Net: NetName=Data Bit 4 Term Pin=U7-3
Removed Pin From Net: NetName=Addr Bit 2 Term Pin=U7-32
Removed Pin From Net: NetName=Addr Bit 1 Term Pin=U7-33
Removed Pin From Net: NetName=Data Bit 7 Term Pin=U7-34
Add component: Footprint Not Found BUS_PCIexpress_x4
Add component: Footprint Not Found SW_TL3365AF180QG
Add Pin To Net: Unknown Pin: Pin J2-A30
Add Pin To Net: Unknown Pin: Pin J2-A32
Add Pin To Net: Unknown Pin: Pin J2-B30
Add Pin To Net: Unknown Pin: Pin J2-B32
Add Pin To Net: Unknown Pin: Pin S1-1
Add Pin To Net: Unknown Pin: Pin S1-2
Add Pin To Net: Unknown Pin: Pin S1-3
Add Pin To Net: Unknown Pin: Pin S1-4
Added Pin To Net: NetName=Addr Bit 2 Term Pin=U7-1
Added Pin To Net: NetName=Addr Bit 1 Term Pin=U7-2
Added Pin To Net: NetName=Data Bit 7 Term Pin=U7-3
Added Pin To Net: NetName=Data Bit 6 Term Pin=U7-32
Added Pin To Net: NetName=Data Bit 5 Term Pin=U7-33
Added Pin To Net: NetName=Data Bit 4 Term Pin=U7-34
Add Net: Net with name "GND" already exists
Add Class Member: Failed to add class member : Component J2 PCIe-X4
Add Class Member: Failed to add class member : Component S1 TL3365AF180QG
